Component: ARM Compiler 5.06 update 6 (build 750) Tool: armlink [4d35ed]

==============================================================================

Section Cross References

    startup_stm32f103xb.o(STACK) refers (Special) to heapauxi.o(.text) for __use_two_region_memory
    startup_stm32f103xb.o(HEAP) refers (Special) to heapauxi.o(.text) for __use_two_region_memory
    startup_stm32f103xb.o(RESET) refers (Special) to heapauxi.o(.text) for __use_two_region_memory
    startup_stm32f103xb.o(RESET) refers to startup_stm32f103xb.o(STACK) for __initial_sp
    startup_stm32f103xb.o(RESET) refers to startup_stm32f103xb.o(.text) for Reset_Handler
    startup_stm32f103xb.o(RESET) refers to stm32f1xx_it.o(i.NMI_Handler) for NMI_Handler
    startup_stm32f103xb.o(RESET) refers to stm32f1xx_it.o(i.HardFault_Handler) for HardFault_Handler
    startup_stm32f103xb.o(RESET) refers to stm32f1xx_it.o(i.MemManage_Handler) for MemManage_Handler
    startup_stm32f103xb.o(RESET) refers to stm32f1xx_it.o(i.BusFault_Handler) for BusFault_Handler
    startup_stm32f103xb.o(RESET) refers to stm32f1xx_it.o(i.UsageFault_Handler) for UsageFault_Handler
    startup_stm32f103xb.o(RESET) refers to stm32f1xx_it.o(i.SVC_Handler) for SVC_Handler
    startup_stm32f103xb.o(RESET) refers to stm32f1xx_it.o(i.DebugMon_Handler) for DebugMon_Handler
    startup_stm32f103xb.o(RESET) refers to stm32f1xx_it.o(i.PendSV_Handler) for PendSV_Handler
    startup_stm32f103xb.o(RESET) refers to stm32f1xx_it.o(i.SysTick_Handler) for SysTick_Handler
    startup_stm32f103xb.o(RESET) refers to stm32f1xx_it.o(i.EXTI9_5_IRQHandler) for EXTI9_5_IRQHandler
    startup_stm32f103xb.o(RESET) refers to stm32f1xx_it.o(i.TIM1_UP_IRQHandler) for TIM1_UP_IRQHandler
    startup_stm32f103xb.o(RESET) refers to stm32f1xx_it.o(i.EXTI15_10_IRQHandler) for EXTI15_10_IRQHandler
    startup_stm32f103xb.o(.text) refers (Special) to heapauxi.o(.text) for __use_two_region_memory
    startup_stm32f103xb.o(.text) refers to system_stm32f1xx.o(i.SystemInit) for SystemInit
    startup_stm32f103xb.o(.text) refers to __main.o(!!!main) for __main
    startup_stm32f103xb.o(.text) refers to startup_stm32f103xb.o(HEAP) for Heap_Mem
    startup_stm32f103xb.o(.text) refers to startup_stm32f103xb.o(STACK) for Stack_Mem
    oled.o(i.OLED_Clear) refers to oled.o(i.OLED_Refresh) for OLED_Refresh
    oled.o(i.OLED_Clear) refers to oled.o(.bss) for .bss
    oled.o(i.OLED_ColorTurn) refers to oled.o(i.OLED_WR_Byte) for OLED_WR_Byte
    oled.o(i.OLED_DisPlay_Off) refers to oled.o(i.OLED_WR_Byte) for OLED_WR_Byte
    oled.o(i.OLED_DisPlay_On) refers to oled.o(i.OLED_WR_Byte) for OLED_WR_Byte
    oled.o(i.OLED_DisplayTurn) refers to oled.o(i.OLED_WR_Byte) for OLED_WR_Byte
    oled.o(i.OLED_DrawCircle) refers to oled.o(i.OLED_DrawPoint) for OLED_DrawPoint
    oled.o(i.OLED_DrawLine) refers to oled.o(i.OLED_DrawPoint) for OLED_DrawPoint
    oled.o(i.OLED_DrawPoint) refers to oled.o(.bss) for .bss
    oled.o(i.OLED_Init) refers to stm32f1xx_hal_gpio.o(i.HAL_GPIO_WritePin) for HAL_GPIO_WritePin
    oled.o(i.OLED_Init) refers to stm32f1xx_hal.o(i.HAL_Delay) for HAL_Delay
    oled.o(i.OLED_Init) refers to oled.o(i.OLED_WR_Byte) for OLED_WR_Byte
    oled.o(i.OLED_Init) refers to oled.o(i.OLED_Clear) for OLED_Clear
    oled.o(i.OLED_Refresh) refers to oled.o(i.OLED_WR_Byte) for OLED_WR_Byte
    oled.o(i.OLED_Refresh) refers to oled.o(.bss) for .bss
    oled.o(i.OLED_ScrollDisplay) refers to oled.o(i.OLED_ShowChinese) for OLED_ShowChinese
    oled.o(i.OLED_ScrollDisplay) refers to oled.o(i.OLED_Refresh) for OLED_Refresh
    oled.o(i.OLED_ScrollDisplay) refers to oled.o(.bss) for .bss
    oled.o(i.OLED_ShowChar) refers to oled.o(i.OLED_DrawPoint) for OLED_DrawPoint
    oled.o(i.OLED_ShowChar) refers to oled.o(.constdata) for .constdata
    oled.o(i.OLED_ShowChinese) refers to oled.o(i.OLED_DrawPoint) for OLED_DrawPoint
    oled.o(i.OLED_ShowChinese) refers to oled.o(.constdata) for .constdata
    oled.o(i.OLED_ShowNum) refers to oled.o(i.OLED_Pow) for OLED_Pow
    oled.o(i.OLED_ShowNum) refers to oled.o(i.OLED_ShowChar) for OLED_ShowChar
    oled.o(i.OLED_ShowPicture) refers to oled.o(i.OLED_DrawPoint) for OLED_DrawPoint
    oled.o(i.OLED_ShowString) refers to oled.o(i.OLED_ShowChar) for OLED_ShowChar
    oled.o(i.OLED_WR_Byte) refers to stm32f1xx_hal_gpio.o(i.HAL_GPIO_WritePin) for HAL_GPIO_WritePin
    oled.o(i.oled_showFnum) refers to _printf_percent.o(.ARM.Collect$$_printf_percent$$00000000) for _printf_percent
    oled.o(i.oled_showFnum) refers to _printf_f.o(.ARM.Collect$$_printf_percent$$00000003) for _printf_f
    oled.o(i.oled_showFnum) refers to printf1.o(x$fpl$printf1) for _printf_fp_dec
    oled.o(i.oled_showFnum) refers to f2d.o(x$fpl$f2d) for __aeabi_f2d
    oled.o(i.oled_showFnum) refers to noretval__2sprintf.o(.text) for __2sprintf
    oled.o(i.oled_showFnum) refers to oled.o(i.OLED_ShowString) for OLED_ShowString
[...]
    I2C_RequestMemoryWrite                   0x08003245   Thumb Code   162  stm32f1xx_hal_i2c.o(i.I2C_RequestMemoryWrite)
    i.I2C_WaitOnBTFFlagUntilTimeout          0x080032ec   Section        0  stm32f1xx_hal_i2c.o(i.I2C_WaitOnBTFFlagUntilTimeout)
    I2C_WaitOnBTFFlagUntilTimeout            0x080032ed   Thumb Code    86  stm32f1xx_hal_i2c.o(i.I2C_WaitOnBTFFlagUntilTimeout)
    i.I2C_WaitOnFlagUntilTimeout             0x08003344   Section        0  stm32f1xx_hal_i2c.o(i.I2C_WaitOnFlagUntilTimeout)
    I2C_WaitOnFlagUntilTimeout               0x08003345   Thumb Code   144  stm32f1xx_hal_i2c.o(i.I2C_WaitOnFlagUntilTimeout)
    i.I2C_WaitOnMasterAddressFlagUntilTimeout 0x080033d4   Section        0  stm32f1xx_hal_i2c.o(i.I2C_WaitOnMasterAddressFlagUntilTimeout)
    I2C_WaitOnMasterAddressFlagUntilTimeout  0x080033d5   Thumb Code   188  stm32f1xx_hal_i2c.o(i.I2C_WaitOnMasterAddressFlagUntilTimeout)
    i.I2C_WaitOnRXNEFlagUntilTimeout         0x08003490   Section        0  stm32f1xx_hal_i2c.o(i.I2C_WaitOnRXNEFlagUntilTimeout)
    I2C_WaitOnRXNEFlagUntilTimeout           0x08003491   Thumb Code   112  stm32f1xx_hal_i2c.o(i.I2C_WaitOnRXNEFlagUntilTimeout)
    i.I2C_WaitOnTXEFlagUntilTimeout          0x08003500   Section        0  stm32f1xx_hal_i2c.o(i.I2C_WaitOnTXEFlagUntilTimeout)
    I2C_WaitOnTXEFlagUntilTimeout            0x08003501   Thumb Code    86  stm32f1xx_hal_i2c.o(i.I2C_WaitOnTXEFlagUntilTimeout)
    i.MX_GPIO_Init                           0x08003558   Section        0  gpio.o(i.MX_GPIO_Init)
    i.MX_I2C1_Init                           0x08003680   Section        0  i2c.o(i.MX_I2C1_Init)
    i.MX_I2C2_Init                           0x080036c0   Section        0  i2c.o(i.MX_I2C2_Init)
    i.MX_SPI2_Init                           0x08003700   Section        0  spi.o(i.MX_SPI2_Init)
    i.MX_TIM1_Init                           0x08003748   Section        0  tim.o(i.MX_TIM1_Init)
    i.MX_USART2_UART_Init                    0x080037b8   Section        0  usart.o(i.MX_USART2_UART_Init)
    i.Max30102_Calculate_HR_BO_Value         0x080037f0   Section        0  max30102.o(i.Max30102_Calculate_HR_BO_Value)
    i.Max30102_FIFO_ReadData                 0x08003954   Section        0  max30102.o(i.Max30102_FIFO_ReadData)
    i.Max30102_Init                          0x0800397c   Section        0  max30102.o(i.Max30102_Init)
    i.Max30102_ReadData                      0x080039f4   Section        0  max30102.o(i.Max30102_ReadData)
    i.Max30102_Reset                         0x08003a10   Section        0  max30102.o(i.Max30102_Reset)
    i.Max30102_Safety                        0x08003a2c   Section        0  max30102.o(i.Max30102_Safety)
    i.Max30102_WriteData                     0x08003ac4   Section        0  max30102.o(i.Max30102_WriteData)
    i.MemManage_Handler                      0x08003ae8   Section        0  stm32f1xx_it.o(i.MemManage_Handler)
    i.NMI_Handler                            0x08003aea   Section        0  stm32f1xx_it.o(i.NMI_Handler)
    i.OLED_Clear                             0x08003aec   Section        0  oled.o(i.OLED_Clear)
    i.OLED_ColorTurn                         0x08003b18   Section        0  oled.o(i.OLED_ColorTurn)
    i.OLED_DisplayTurn                       0x08003b30   Section        0  oled.o(i.OLED_DisplayTurn)
    i.OLED_DrawPoint                         0x08003b5c   Section        0  oled.o(i.OLED_DrawPoint)
    i.OLED_Init                              0x08003b88   Section        0  oled.o(i.OLED_Init)
    i.OLED_Pow                               0x08003c98   Section        0  oled.o(i.OLED_Pow)
    i.OLED_Refresh                           0x08003ca8   Section        0  oled.o(i.OLED_Refresh)
    i.OLED_ShowChar                          0x08003cf4   Section        0  oled.o(i.OLED_ShowChar)
    i.OLED_ShowNum                           0x08003dd8   Section        0  oled.o(i.OLED_ShowNum)
    i.OLED_ShowString                        0x08003e46   Section        0  oled.o(i.OLED_ShowString)
    i.OLED_WR_Byte                           0x08003e84   Section        0  oled.o(i.OLED_WR_Byte)
    i.PendSV_Handler                         0x08003f08   Section        0  stm32f1xx_it.o(i.PendSV_Handler)
    i.SPI_EndRxTransaction                   0x08003f0a   Section        0  stm32f1xx_hal_spi.o(i.SPI_EndRxTransaction)
    SPI_EndRxTransaction                     0x08003f0b   Thumb Code    92  stm32f1xx_hal_spi.o(i.SPI_EndRxTransaction)
    i.SPI_EndRxTxTransaction                 0x08003f66   Section        0  stm32f1xx_hal_spi.o(i.SPI_EndRxTxTransaction)
    SPI_EndRxTxTransaction                   0x08003f67   Thumb Code    52  stm32f1xx_hal_spi.o(i.SPI_EndRxTxTransaction)
    i.SPI_WaitFlagStateUntilTimeout          0x08003f9c   Section        0  stm32f1xx_hal_spi.o(i.SPI_WaitFlagStateUntilTimeout)
    SPI_WaitFlagStateUntilTimeout            0x08003f9d   Thumb Code   180  stm32f1xx_hal_spi.o(i.SPI_WaitFlagStateUntilTimeout)
    i.SVC_Handler                            0x08004054   Section        0  stm32f1xx_it.o(i.SVC_Handler)
    i.Set_DS_Pin_In                          0x08004058   Section        0  ds18b20.o(i.Set_DS_Pin_In)
    Set_DS_Pin_In                            0x08004059   Thumb Code    48  ds18b20.o(i.Set_DS_Pin_In)
    i.Set_DS_Pin_Out                         0x08004090   Section        0  ds18b20.o(i.Set_DS_Pin_Out)
    Set_DS_Pin_Out                           0x08004091   Thumb Code    48  ds18b20.o(i.Set_DS_Pin_Out)
    i.StepCounter_Init                       0x080040c8   Section        0  adxl345.o(i.StepCounter_Init)
    i.SysTick_Handler                        0x080040f8   Section        0  stm32f1xx_it.o(i.SysTick_Handler)
    i.SystemClock_Config                     0x080040fc   Section        0  main.o(i.SystemClock_Config)
    i.SystemInit                             0x0800415a   Section        0  system_stm32f1xx.o(i.SystemInit)
    i.TIM1_UP_IRQHandler                     0x0800415c   Section        0  stm32f1xx_it.o(i.TIM1_UP_IRQHandler)
    i.TIM_Base_SetConfig                     0x08004168   Section        0  stm32f1xx_hal_tim.o(i.TIM_Base_SetConfig)
    i.TIM_ETR_SetConfig                      0x080041e0   Section        0  stm32f1xx_hal_tim.o(i.TIM_ETR_SetConfig)
    i.TIM_ITRx_SetConfig                     0x080041f4   Section        0  stm32f1xx_hal_tim.o(i.TIM_ITRx_SetConfig)
    TIM_ITRx_SetConfig                       0x080041f5   Thumb Code    16  stm32f1xx_hal_tim.o(i.TIM_ITRx_SetConfig)
    i.TIM_TI1_ConfigInputStage               0x08004204   Section        0  stm32f1xx_hal_tim.o(i.TIM_TI1_ConfigInputStage)
    TIM_TI1_ConfigInputStage                 0x08004205   Thumb Code    34  stm32f1xx_hal_tim.o(i.TIM_TI1_ConfigInputStage)
    i.TIM_TI2_ConfigInputStage               0x08004226   Section        0  stm32f1xx_hal_tim.o(i.TIM_TI2_ConfigInputStage)
    TIM_TI2_ConfigInputStage                 0x08004227   Thumb Code    36  stm32f1xx_hal_tim.o(i.TIM_TI2_ConfigInputStage)
    i.UART_EndRxTransfer                     0x0800424a   Section        0  stm32f1xx_hal_uart.o(i.UART_EndRxTransfer)
    UART_EndRxTransfer                       0x0800424b   Thumb Code    78  stm32f1xx_hal_uart.o(i.UART_EndRxTransfer)
    i.UART_SetConfig                         0x08004298   Section        0  stm32f1xx_hal_uart.o(i.UART_SetConfig)
    UART_SetConfig                           0x08004299   Thumb Code   178  stm32f1xx_hal_uart.o(i.UART_SetConfig)
    i.UART_WaitOnFlagUntilTimeout            0x08004350   Section        0  stm32f1xx_hal_uart.o(i.UART_WaitOnFlagUntilTimeout)
    UART_WaitOnFlagUntilTimeout              0x08004351   Thumb Code   114  stm32f1xx_hal_uart.o(i.UART_WaitOnFlagUntilTimeout)
    i.UsageFault_Handler                     0x080043c2   Section        0  stm32f1xx_it.o(i.UsageFault_Handler)
    i.__ARM_fpclassify                       0x080043c4   Section        0  fpclassify.o(i.__ARM_fpclassify)
    i.__NVIC_SetPriority                     0x080043ec   Section        0  stm32f1xx_hal_cortex.o(i.__NVIC_SetPriority)
    __NVIC_SetPriority                       0x080043ed   Thumb Code    32  stm32f1xx_hal_cortex.o(i.__NVIC_SetPriority)
    i._is_digit                              0x0800440c   Section        0  __printf_wp.o(i._is_digit)
    i.delay_us                               0x0800441c   Section        0  ds18b20.o(i.delay_us)
    i.led1_control                           0x08004468   Section        0  gpio.o(i.led1_control)
    i.led2_control                           0x08004478   Section        0  gpio.o(i.led2_control)
    i.main                                   0x08004488   Section        0  main.o(i.main)
    i.maxim_find_peaks                       0x080046d0   Section        0  algorithm.o(i.maxim_find_peaks)
    i.maxim_heart_rate_and_oxygen_saturation 0x08004704   Section        0  algorithm.o(i.maxim_heart_rate_and_oxygen_saturation)
    i.maxim_peaks_above_min_height           0x08004ac0   Section        0  algorithm.o(i.maxim_peaks_above_min_height)
    i.maxim_remove_close_peaks               0x08004b2c   Section        0  algorithm.o(i.maxim_remove_close_peaks)
    i.maxim_sort_ascend                      0x08004b98   Section        0  algorithm.o(i.maxim_sort_ascend)
    i.maxim_sort_indices_descend             0x08004bcc   Section        0  algorithm.o(i.maxim_sort_indices_descend)
    i.oled_showFnum                          0x08004c08   Section        0  oled.o(i.oled_showFnum)
    i.ui_setting                             0x08004c5c   Section        0  main.o(i.ui_setting)
    locale$$code                             0x0800500c   Section       44  lc_numeric_c.o(locale$$code)
    x$fpl$d2f                                0x08005038   Section       98  d2f.o(x$fpl$d2f)
    x$fpl$dcheck1                            0x0800509c   Section       16  dcheck1.o(x$fpl$dcheck1)
    x$fpl$dflt                               0x080050ac   Section       46  dflt_clz.o(x$fpl$dflt)
    x$fpl$dnaninf                            0x080050da   Section      156  dnaninf.o(x$fpl$dnaninf)
    x$fpl$dretinf                            0x08005176   Section       12  dretinf.o(x$fpl$dretinf)
    x$fpl$f2d                                0x08005184   Section       86  f2d.o(x$fpl$f2d)
    x$fpl$fcmpinf                            0x080051da   Section       24  fcmpi.o(x$fpl$fcmpinf)
    x$fpl$fdiv                               0x080051f4   Section      388  fdiv.o(x$fpl$fdiv)
    _fdiv1                                   0x080051f5   Thumb Code     0  fdiv.o(x$fpl$fdiv)
    x$fpl$ffix                               0x08005378   Section       54  ffix.o(x$fpl$ffix)
    x$fpl$fflt                               0x080053b0   Section       48  fflt_clz.o(x$fpl$fflt)
    x$fpl$ffltu                              0x080053e0   Section       38  fflt_clz.o(x$fpl$ffltu)
    x$fpl$fleqf                              0x08005408   Section      104  fleqf.o(x$fpl$fleqf)
    x$fpl$fmul                               0x08005470   Section      258  fmul.o(x$fpl$fmul)
    x$fpl$fnaninf                            0x08005572   Section      140  fnaninf.o(x$fpl$fnaninf)
    x$fpl$fretinf                            0x080055fe   Section       10  fretinf.o(x$fpl$fretinf)
    x$fpl$printf1                            0x08005608   Section        4  printf1.o(x$fpl$printf1)
    x$fpl$retnan                             0x0800560c   Section      100  retnan.o(x$fpl$retnan)
    x$fpl$scalbn                             0x08005670   Section       92  scalbn.o(x$fpl$scalbn)
    x$fpl$trapveneer                         0x080056cc   Section       48  trapv.o(x$fpl$trapveneer)
    .constdata                               0x080056fc   Section     7696  oled.o(.constdata)
    x$fpl$usenofp                            0x080056fc   Section        0  usenofp.o(x$fpl$usenofp)
    .constdata                               0x0800750c   Section      246  algorithm.o(.constdata)
    .constdata                               0x08007602   Section       18  stm32f1xx_hal_rcc.o(.constdata)
    aPredivFactorTable                       0x08007602   Data           2  stm32f1xx_hal_rcc.o(.constdata)
    aPLLMULFactorTable                       0x08007604   Data          16  stm32f1xx_hal_rcc.o(.constdata)
    .constdata                               0x08007614   Section       16  system_stm32f1xx.o(.constdata)
    .constdata                               0x08007624   Section        8  system_stm32f1xx.o(.constdata)
    .constdata                               0x0800762c   Section       17  __printf_flags_wp.o(.constdata)
    maptable                                 0x0800762c   Data          17  __printf_flags_wp.o(.constdata)
    .constdata                               0x08007640   Section      148  bigflt0.o(.constdata)
    tenpwrs_x                                0x08007640   Data          60  bigflt0.o(.constdata)
    tenpwrs_i                                0x0800767c   Data          64  bigflt0.o(.constdata)
    locale$$data                             0x080076f4   Section       28  lc_numeric_c.o(locale$$data)
    __lcnum_c_name                           0x080076f8   Data           2  lc_numeric_c.o(locale$$data)
    __lcnum_c_start                          0x08007700   Data           0  lc_numeric_c.o(locale$$data)
    __lcnum_c_point                          0x0800770c   Data           0  lc_numeric_c.o(locale$$data)
    __lcnum_c_thousands                      0x0800770e   Data           0  lc_numeric_c.o(locale$$data)
    __lcnum_c_grouping                       0x0800770f   Data           0  lc_numeric_c.o(locale$$data)
    __lcnum_c_end                            0x08007710   Data           0  lc_numeric_c.o(locale$$data)
    .data                                    0x20000000   Section       42  max30102.o(.data)
    .data                                    0x2000002a   Section        3  main.o(.data)
    .data                                    0x2000002d   Section        1  gpio.o(.data)
    .data                                    0x2000002e   Section        1  tim.o(.data)
    .data                                    0x20000030   Section       12  stm32f1xx_hal.o(.data)
    .data                                    0x2000003c   Section        4  system_stm32f1xx.o(.data)
    .bss                                     0x20000040   Section     1152  oled.o(.bss)
    .bss                                     0x200004c0   Section     5984  algorithm.o(.bss)
    an_dx                                    0x200004c0   Data        1984  algorithm.o(.bss)
    an_x                                     0x20000c80   Data        2000  algorithm.o(.bss)
    an_y                                     0x20001450   Data        2000  algorithm.o(.bss)
    .bss                                     0x20001c20   Section     4256  max30102.o(.bss)
    .bss                                     0x20002cc0   Section      168  i2c.o(.bss)
    .bss                                     0x20002d68   Section       88  spi.o(.bss)
    .bss                                     0x20002dc0   Section       44  tim.o(.bss)
    .bss                                     0x20002dec   Section       72  tim.o(.bss)
    .bss                                     0x20002e34   Section       72  usart.o(.bss)
    .bss                                     0x20002e7c   Section       96  libspace.o(.bss)
    HEAP                                     0x20002ee0   Section      512  startup_stm32f103xb.o(HEAP)
    Heap_Mem                                 0x20002ee0   Data         512  startup_stm32f103xb.o(HEAP)
    STACK                                    0x200030e0   Section     1024  startup_stm32f103xb.o(STACK)
    Stack_Mem                                0x200030e0   Data        1024  startup_stm32f103xb.o(STACK)
    __initial_sp                             0x200034e0   Data           0  startup_stm32f103xb.o(STACK)

    Global Symbols

    Symbol Name                              Value     Ov Type        Size  Object(Section)

    BuildAttributes$$THM_ISAv4$P$D$K$B$S$PE$A:L22UL41UL21$X:L11$S22US41US21$IEEE1$IW$USESV6$~STKCKD$USESV7$~SHL$OTIME$ROPI$IEEEJ$EBA8$UX$STANDARDLIB$REQ8$PRES8$EABIv2 0x00000000   Number         0  anon$$obj.o ABSOLUTE
    __ARM_use_no_argv                        0x00000000   Number         0  main.o ABSOLUTE
    _printf_flags                            0x00000000   Number         0  printf_stubs.o ABSOLUTE
    _printf_return_value                     0x00000000   Number         0  printf_stubs.o ABSOLUTE
    _printf_sizespec                         0x00000000   Number         0  printf_stubs.o ABSOLUTE
    _printf_widthprec                        0x00000000   Number         0  printf_stubs.o ABSOLUTE
    __ARM_exceptions_init                     - Undefined Weak Reference
    __alloca_initialize                       - Undefined Weak Reference
    __arm_preinit_                            - Undefined Weak Reference
    __cpp_initialize__aeabi_                  - Undefined Weak Reference
    __cxa_finalize                            - Undefined Weak Reference
    __sigvec_lookup                           - Undefined Weak Reference
    _atexit_init                              - Undefined Weak Reference
    _call_atexit_fns                          - Undefined Weak Reference
    _clock_init                               - Undefined Weak Reference
    _fp_trap_init                             - Undefined Weak Reference
    _fp_trap_shutdown                         - Undefined Weak Reference
    _get_lc_collate                           - Undefined Weak Reference
    _get_lc_ctype                             - Undefined Weak Reference
    _get_lc_monetary                          - Undefined Weak Reference
    _get_lc_time                              - Undefined Weak Reference
    _getenv_init                              - Undefined Weak Reference
    _handle_redirection                       - Undefined Weak Reference
    _init_alloc                               - Undefined Weak Reference
    _init_user_alloc                          - Undefined Weak Reference
    _initio                                   - Undefined Weak Reference
    _printf_truncate_signed                   - Undefined Weak Reference
    _printf_truncate_unsigned                 - Undefined Weak Reference
    _rand_init                                - Undefined Weak Reference
    _signal_finish                            - Undefined Weak Reference
    _signal_init                              - Undefined Weak Reference
    _terminate_alloc                          - Undefined Weak Reference
    _terminate_user_alloc                     - Undefined Weak Reference
    _terminateio                              - Undefined Weak Reference
    __Vectors_Size                           0x000000ec   Number         0  startup_stm32f103xb.o ABSOLUTE
    __Vectors                                0x08000000   Data           4  startup_stm32f103xb.o(RESET)
    __Vectors_End                            0x080000ec   Data           0  startup_stm32f103xb.o(RESET)
    __main                                   0x080000ed   Thumb Code     8  __main.o(!!!main)
    __scatterload                            0x080000f5   Thumb Code     0  __scatter.o(!!!scatter)
    __scatterload_rt2                        0x080000f5   Thumb Code    44  __scatter.o(!!!scatter)
    __scatterload_rt2_thumb_only             0x080000f5   Thumb Code     0  __scatter.o(!!!scatter)
    __scatterload_null                       0x08000103   Thumb Code     0  __scatter.o(!!!scatter)
    __scatterload_copy                       0x08000129   Thumb Code    26  __scatter_copy.o(!!handler_copy)
    __scatterload_zeroinit                   0x08000145   Thumb Code    28  __scatter_zi.o(!!handler_zi)
    _printf_f                                0x08000161   Thumb Code     0  _printf_f.o(.ARM.Collect$$_printf_percent$$00000003)
    _printf_percent                          0x08000161   Thumb Code     0  _printf_percent.o(.ARM.Collect$$_printf_percent$$00000000)
    _printf_d                                0x08000167   Thumb Code     0  _printf_d.o(.ARM.Collect$$_printf_percent$$00000009)
    _printf_percent_end                      0x0800016d   Thumb Code     0  _printf_percent_end.o(.ARM.Collect$$_printf_percent$$00000017)
    __rt_lib_init                            0x08000171   Thumb Code     0  libinit.o(.ARM.Collect$$libinit$$00000000)
    __rt_lib_init_fp_1                       0x08000173   Thumb Code     0  libinit2.o(.ARM.Collect$$libinit$$00000002)
    __rt_lib_init_heap_1                     0x08000173   Thumb Code     0  libinit2.o(.ARM.Collect$$libinit$$0000000A)
    __rt_lib_init_lc_common                  0x08000173   Thumb Code     0  libinit2.o(.ARM.Collect$$libinit$$0000000F)
    __rt_lib_init_preinit_1                  0x08000173   Thumb Code     0  libinit2.o(.ARM.Collect$$libinit$$00000004)
    __rt_lib_init_rand_1                     0x08000173   Thumb Code     0  libinit2.o(.ARM.Collect$$libinit$$0000000E)
    __rt_lib_init_user_alloc_1               0x08000173   Thumb Code     0  libinit2.o(.ARM.Collect$$libinit$$0000000C)
    __rt_lib_init_lc_collate_1               0x08000179   Thumb Code     0  libinit2.o(.ARM.Collect$$libinit$$00000011)
    __rt_lib_init_lc_ctype_1                 0x08000179   Thumb Code     0  libinit2.o(.ARM.Collect$$libinit$$00000013)
    __rt_lib_init_lc_monetary_1              0x08000179   Thumb Code     0  libinit2.o(.ARM.Collect$$libinit$$00000015)
    __rt_lib_init_lc_numeric_2               0x08000179   Thumb Code     0  libinit2.o(.ARM.Collect$$libinit$$00000016)
    __rt_lib_init_alloca_1                   0x08000183   Thumb Code     0  libinit2.o(.ARM.Collect$$libinit$$0000002E)
    __rt_lib_init_argv_1                     0x08000183   Thumb Code     0  libinit2.o(.ARM.Collect$$libinit$$0000002C)
    __rt_lib_init_atexit_1                   0x08000183   Thumb Code     0  libinit2.o(.ARM.Collect$$libinit$$0000001B)
    __rt_lib_init_clock_1                    0x08000183   Thumb Code     0  libinit2.o(.ARM.Collect$$libinit$$00000021)
    __rt_lib_init_cpp_1                      0x08000183   Thumb Code     0  libinit2.o(.ARM.Collect$$libinit$$00000032)
    __rt_lib_init_exceptions_1               0x08000183   Thumb Code     0  libinit2.o(.ARM.Collect$$libinit$$00000030)
    __rt_lib_init_fp_trap_1                  0x08000183   Thumb Code     0  libinit2.o(.ARM.Collect$$libinit$$0000001F)
    __rt_lib_init_getenv_1                   0x08000183   Thumb Code     0  libinit2.o(.ARM.Collect$$libinit$$00000023)
    __rt_lib_init_lc_numeric_1               0x08000183   Thumb Code     0  libinit2.o(.ARM.Collect$$libinit$$00000017)
    __rt_lib_init_lc_time_1                  0x08000183   Thumb Code     0  libinit2.o(.ARM.Collect$$libinit$$00000019)
    __rt_lib_init_return                     0x08000183   Thumb Code     0  libinit2.o(.ARM.Collect$$libinit$$00000033)
    __rt_lib_init_signal_1                   0x08000183   Thumb Code     0  libinit2.o(.ARM.Collect$$libinit$$0000001D)
    __rt_lib_init_stdio_1                    0x08000183   Thumb Code     0  libinit2.o(.ARM.Collect$$libinit$$00000025)
    __rt_lib_shutdown                        0x08000185   Thumb Code     0  libshutdown.o(.ARM.Collect$$libshutdown$$00000000)
    __rt_lib_shutdown_cpp_1                  0x08000187   Thumb Code     0  libshutdown2.o(.ARM.Collect$$libshutdown$$00000002)
    __rt_lib_shutdown_fp_trap_1              0x08000187   Thumb Code     0  libshutdown2.o(.ARM.Collect$$libshutdown$$00000007)
    __rt_lib_shutdown_heap_1                 0x08000187   Thumb Code     0  libshutdown2.o(.ARM.Collect$$libshutdown$$0000000F)
    __rt_lib_shutdown_return                 0x08000187   Thumb Code     0  libshutdown2.o(.ARM.Collect$$libshutdown$$00000010)
    __rt_lib_shutdown_signal_1               0x08000187   Thumb Code     0  libshutdown2.o(.ARM.Collect$$libshutdown$$0000000A)
    __rt_lib_shutdown_stdio_1                0x08000187   Thumb Code     0  libshutdown2.o(.ARM.Collect$$libshutdown$$00000004)
    __rt_lib_shutdown_user_alloc_1           0x08000187   Thumb Code     0  libshutdown2.o(.ARM.Collect$$libshutdown$$0000000C)
    __rt_entry                               0x08000189   Thumb Code     0  __rtentry.o(.ARM.Collect$$rtentry$$00000000)
    __rt_entry_presh_1                       0x08000189   Thumb Code     0  __rtentry2.o(.ARM.Collect$$rtentry$$00000002)
    __rt_entry_sh                            0x08000189   Thumb Code     0  __rtentry4.o(.ARM.Collect$$rtentry$$00000004)
    __rt_entry_li                            0x0800018f   Thumb Code     0  __rtentry2.o(.ARM.Collect$$rtentry$$0000000A)
    __rt_entry_postsh_1                      0x0800018f   Thumb Code     0  __rtentry2.o(.ARM.Collect$$rtentry$$00000009)
    __rt_entry_main                          0x08000193   Thumb Code     0  __rtentry2.o(.ARM.Collect$$rtentry$$0000000D)
    __rt_entry_postli_1                      0x08000193   Thumb Code     0  __rtentry2.o(.ARM.Collect$$rtentry$$0000000C)
    __rt_exit                                0x0800019b   Thumb Code     0  rtexit.o(.ARM.Collect$$rtexit$$00000000)
    __rt_exit_ls                             0x0800019d   Thumb Code     0  rtexit2.o(.ARM.Collect$$rtexit$$00000003)
    __rt_exit_prels_1                        0x0800019d   Thumb Code     0  rtexit2.o(.ARM.Collect$$rtexit$$00000002)
    __rt_exit_exit                           0x080001a1   Thumb Code     0  rtexit2.o(.ARM.Collect$$rtexit$$00000004)
    Reset_Handler                            0x080001a9   Thumb Code     8  startup_stm32f103xb.o(.text)
    ADC1_2_IRQHandler                        0x080001c3   Thumb Code     0  startup_stm32f103xb.o(.text)
    CAN1_RX1_IRQHandler                      0x080001c3   Thumb Code     0  startup_stm32f103xb.o(.text)
    CAN1_SCE_IRQHandler                      0x080001c3   Thumb Code     0  startup_stm32f103xb.o(.text)
    DMA1_Channel1_IRQHandler                 0x080001c3   Thumb Code     0  startup_stm32f103xb.o(.text)
    DMA1_Channel2_IRQHandler                 0x080001c3   Thumb Code     0  startup_stm32f103xb.o(.text)
    DMA1_Channel3_IRQHandler                 0x080001c3   Thumb Code     0  startup_stm32f103xb.o(.text)
    DMA1_Channel4_IRQHandler                 0x080001c3   Thumb Code     0  startup_stm32f103xb.o(.text)
    DMA1_Channel5_IRQHandler                 0x080001c3   Thumb Code     0  startup_stm32f103xb.o(.text)
    DMA1_Channel6_IRQHandler                 0x080001c3   Thumb Code     0  startup_stm32f103xb.o(.text)
    DMA1_Channel7_IRQHandler                 0x080001c3   Thumb Code     0  startup_stm32f103xb.o(.text)
    EXTI0_IRQHandler                         0x080001c3   Thumb Code     0  startup_stm32f103xb.o(.text)
    EXTI1_IRQHandler                         0x080001c3   Thumb Code     0  startup_stm32f103xb.o(.text)
    EXTI2_IRQHandler                         0x080001c3   Thumb Code     0  startup_stm32f103xb.o(.text)
    EXTI3_IRQHandler                         0x080001c3   Thumb Code     0  startup_stm32f103xb.o(.text)
    EXTI4_IRQHandler                         0x080001c3   Thumb Code     0  startup_stm32f103xb.o(.text)
    FLASH_IRQHandler                         0x080001c3   Thumb Code     0  startup_stm32f103xb.o(.text)
    I2C1_ER_IRQHandler                       0x080001c3   Thumb Code     0  startup_stm32f103xb.o(.text)
    I2C1_EV_IRQHandler                       0x080001c3   Thumb Code     0  startup_stm32f103xb.o(.text)
    I2C2_ER_IRQHandler                       0x080001c3   Thumb Code     0  startup_stm32f103xb.o(.text)
    I2C2_EV_IRQHandler                       0x080001c3   Thumb Code     0  startup_stm32f103xb.o(.text)
    PVD_IRQHandler                           0x080001c3   Thumb Code     0  startup_stm32f103xb.o(.text)
    RCC_IRQHandler                           0x080001c3   Thumb Code     0  startup_stm32f103xb.o(.text)
    RTC_Alarm_IRQHandler                     0x080001c3   Thumb Code     0  startup_stm32f103xb.o(.text)
    RTC_IRQHandler                           0x080001c3   Thumb Code     0  startup_stm32f103xb.o(.text)
    SPI1_IRQHandler                          0x080001c3   Thumb Code     0  startup_stm32f103xb.o(.text)
    SPI2_IRQHandler                          0x080001c3   Thumb Code     0  startup_stm32f103xb.o(.text)
    TAMPER_IRQHandler                        0x080001c3   Thumb Code     0  startup_stm32f103xb.o(.text)
    TIM1_BRK_IRQHandler                      0x080001c3   Thumb Code     0  startup_stm32f103xb.o(.text)
    TIM1_CC_IRQHandler                       0x080001c3   Thumb Code     0  startup_stm32f103xb.o(.text)
    TIM1_TRG_COM_IRQHandler                  0x080001c3   Thumb Code     0  startup_stm32f103xb.o(.text)
    TIM2_IRQHandler                          0x080001c3   Thumb Code     0  startup_stm32f103xb.o(.text)
    TIM3_IRQHandler                          0x080001c3   Thumb Code     0  startup_stm32f103xb.o(.text)
    TIM4_IRQHandler                          0x080001c3   Thumb Code     0  startup_stm32f103xb.o(.text)
    USART1_IRQHandler                        0x080001c3   Thumb Code     0  startup_stm32f103xb.o(.text)
    USART2_IRQHandler                        0x080001c3   Thumb Code     0  startup_stm32f103xb.o(.text)
    USART3_IRQHandler                        0x080001c3   Thumb Code     0  startup_stm32f103xb.o(.text)
    USBWakeUp_IRQHandler                     0x080001c3   Thumb Code     0  startup_stm32f103xb.o(.text)
    USB_HP_CAN1_TX_IRQHandler                0x080001c3   Thumb Code     0  startup_stm32f103xb.o(.text)
    USB_LP_CAN1_RX0_IRQHandler               0x080001c3   Thumb Code     0  startup_stm32f103xb.o(.text)
    WWDG_IRQHandler                          0x080001c3   Thumb Code     0  startup_stm32f103xb.o(.text)
    __user_initial_stackheap                 0x080001c5   Thumb Code     0  startup_stm32f103xb.o(.text)
    __2sprintf                               0x080001e9   Thumb Code    34  noretval__2sprintf.o(.text)
    _printf_pre_padding                      0x08000211   Thumb Code    44  _printf_pad.o(.text)
    _printf_post_padding                     0x0800023d   Thumb Code    34  _printf_pad.o(.text)
    _printf_int_dec                          0x08000261   Thumb Code   104  _printf_dec.o(.text)
    __printf                                 0x080002d9   Thumb Code   308  __printf_flags_wp.o(.text)
    __aeabi_memclr4                          0x08000411   Thumb Code     0  rt_memclr_w.o(.text)
    __aeabi_memclr8                          0x08000411   Thumb Code     0  rt_memclr_w.o(.text)
    __rt_memclr_w                            0x08000411   Thumb Code    78  rt_memclr_w.o(.text)
    _memset_w                                0x08000415   Thumb Code     0  rt_memclr_w.o(.text)
    __use_two_region_memory                  0x0800045f   Thumb Code     2  heapauxi.o(.text)
    __rt_heap_escrow$2region                 0x08000461   Thumb Code     2  heapauxi.o(.text)
    __rt_heap_expand$2region                 0x08000463   Thumb Code     2  heapauxi.o(.text)
    _printf_int_common                       0x08000465   Thumb Code   178  _printf_intcommon.o(.text)
    __lib_sel_fp_printf                      0x08000517   Thumb Code     2  _printf_fp_dec.o(.text)
    _printf_fp_dec_real                      0x080006c9   Thumb Code   620  _printf_fp_dec.o(.text)
    _printf_char_common                      0x0800093f   Thumb Code    32  _printf_char_common.o(.text)
    _sputc                                   0x08000965   Thumb Code    10  _sputc.o(.text)
    __rt_locale                              0x08000971   Thumb Code     8  rt_locale_intlibspace.o(.text)
    _ll_udiv10                               0x08000979   Thumb Code   138  lludiv10.o(.text)
    _printf_fp_infnan                        0x08000a05   Thumb Code   112  _printf_fp_infnan.o(.text)
    _btod_etento                             0x08000a85   Thumb Code   224  bigflt0.o(.text)
    __user_libspace                          0x08000b69   Thumb Code     8  libspace.o(.text)
    __user_perproc_libspace                  0x08000b69   Thumb Code     0  libspace.o(.text)
    __user_perthread_libspace                0x08000b69   Thumb Code     0  libspace.o(.text)
    __user_setup_stackheap                   0x08000b71   Thumb Code    74  sys_stackheap_outer.o(.text)
    exit                                     0x08000bbb   Thumb Code    18  exit.o(.text)
    strcmp                                   0x08000bcd   Thumb Code   128  strcmpv7m.o(.text)
    _sys_exit                                0x08000c4d   Thumb Code     8  sys_exit.o(.text)
    __I$use$semihosting                      0x08000c59   Thumb Code     0  use_no_semi.o(.text)
    __use_no_semihosting_swi                 0x08000c59   Thumb Code     2  use_no_semi.o(.text)
    __semihosting_library_function           0x08000c5b   Thumb Code     0  indicate_semi.o(.text)
    _btod_d2e                                0x08000c5b   Thumb Code    62  btod.o(CL$$btod_d2e)
    _d2e_denorm_low                          0x08000c99   Thumb Code    70  btod.o(CL$$btod_d2e_denorm_low)
    _d2e_norm_op1                            0x08000cdf   Thumb Code    96  btod.o(CL$$btod_d2e_norm_op1)
    __btod_div_common                        0x08000d3f   Thumb Code   696  btod.o(CL$$btod_div_common)
    _e2e                                     0x08001077   Thumb Code   220  btod.o(CL$$btod_e2e)
    _btod_ediv                               0x08001153   Thumb Code    42  btod.o(CL$$btod_ediv)
    _btod_emul                               0x0800117d   Thumb Code    42  btod.o(CL$$btod_emul)
    __btod_mult_common                       0x080011a7   Thumb Code   580  btod.o(CL$$btod_mult_common)
    ADXL345_CS_Disable                       0x080013ed   Thumb Code    10  adxl345.o(i.ADXL345_CS_Disable)
    ADXL345_CS_Enable                        0x080013fd   Thumb Code    12  adxl345.o(i.ADXL345_CS_Enable)
    ADXL345_Init                             0x0800140d   Thumb Code    42  adxl345.o(i.ADXL345_Init)
    ADXL345_ReadData                         0x08001437   Thumb Code    34  adxl345.o(i.ADXL345_ReadData)
    ADXL345_ReadMultiRegisters               0x08001459   Thumb Code    48  adxl345.o(i.ADXL345_ReadMultiRegisters)
    ADXL345_ReadRegister                     0x0800148d   Thumb Code    54  adxl345.o(i.ADXL345_ReadRegister)
    ADXL345_ToGravity                        0x080014c9   Thumb Code    52  adxl345.o(i.ADXL345_ToGravity)
    ADXL345_WriteRegister                    0x080014fd   Thumb Code    32  adxl345.o(i.ADXL345_WriteRegister)
    BCD2DEC                                  0x08001521   Thumb Code    18  ds3231.o(i.BCD2DEC)
    BusFault_Handler                         0x08001533   Thumb Code     2  stm32f1xx_it.o(i.BusFault_Handler)
    Check_DS                                 0x08001535   Thumb Code    84  ds18b20.o(i.Check_DS)
    DEC2BCD                                  0x0800158d   Thumb Code    22  ds3231.o(i.DEC2BCD)
    DS3231_GetTime                           0x080015a5   Thumb Code   120  ds3231.o(i.DS3231_GetTime)
    DS3231_WriteTime                         0x08001621   Thumb Code   104  ds3231.o(i.DS3231_WriteTime)
    DS_Init                                  0x0800168d   Thumb Code    14  ds18b20.o(i.DS_Init)
    DS_Reset                                 0x080016f1   Thumb Code    46  ds18b20.o(i.DS_Reset)
    DebugMon_Handler                         0x08001781   Thumb Code     2  stm32f1xx_it.o(i.DebugMon_Handler)
    EXTI15_10_IRQHandler                     0x08001783   Thumb Code     8  stm32f1xx_it.o(i.EXTI15_10_IRQHandler)
    EXTI9_5_IRQHandler                       0x0800178b   Thumb Code    22  stm32f1xx_it.o(i.EXTI9_5_IRQHandler)
    Error_Handler                            0x080017a1   Thumb Code     4  main.o(i.Error_Handler)
    Get_DS_Temperature                       0x080017a5   Thumb Code    96  ds18b20.o(i.Get_DS_Temperature)
    HAL_Delay                                0x08001805   Thumb Code    32  stm32f1xx_hal.o(i.HAL_Delay)
    HAL_GPIO_EXTI_Callback                   0x08001829   Thumb Code    34  gpio.o(i.HAL_GPIO_EXTI_Callback)
    HAL_GPIO_EXTI_IRQHandler                 0x08001851   Thumb Code    18  stm32f1xx_hal_gpio.o(i.HAL_GPIO_EXTI_IRQHandler)
    HAL_GPIO_Init                            0x08001869   Thumb Code   446  stm32f1xx_hal_gpio.o(i.HAL_GPIO_Init)
    HAL_GPIO_ReadPin                         0x08001a49   Thumb Code    10  stm32f1xx_hal_gpio.o(i.HAL_GPIO_ReadPin)
    HAL_GPIO_WritePin                        0x08001a53   Thumb Code    10  stm32f1xx_hal_gpio.o(i.HAL_GPIO_WritePin)
    HAL_GetTick                              0x08001a5d   Thumb Code     6  stm32f1xx_hal.o(i.HAL_GetTick)
    HAL_I2C_Init                             0x08001a69   Thumb Code   376  stm32f1xx_hal_i2c.o(i.HAL_I2C_Init)
    HAL_I2C_Mem_Read                         0x08001bf1   Thumb Code   586  stm32f1xx_hal_i2c.o(i.HAL_I2C_Mem_Read)
    HAL_I2C_Mem_Write                        0x08001e4d   Thumb Code   294  stm32f1xx_hal_i2c.o(i.HAL_I2C_Mem_Write)
    HAL_I2C_MspInit                          0x08001f7d   Thumb Code   134  i2c.o(i.HAL_I2C_MspInit)
    HAL_IncTick                              0x08002015   Thumb Code    12  stm32f1xx_hal.o(i.HAL_IncTick)
    HAL_Init                                 0x08002025   Thumb Code    32  stm32f1xx_hal.o(i.HAL_Init)
    HAL_InitTick                             0x08002049   Thumb Code    54  stm32f1xx_hal.o(i.HAL_InitTick)
    HAL_MspInit                              0x08002089   Thumb Code    52  stm32f1xx_hal_msp.o(i.HAL_MspInit)
    HAL_NVIC_EnableIRQ                       0x080020c5   Thumb Code    26  stm32f1xx_hal_cortex.o(i.HAL_NVIC_EnableIRQ)
    HAL_NVIC_SetPriority                     0x080020e1   Thumb Code    60  stm32f1xx_hal_cortex.o(i.HAL_NVIC_SetPriority)
    HAL_NVIC_SetPriorityGrouping             0x08002121   Thumb Code    26  stm32f1xx_hal_cortex.o(i.HAL_NVIC_SetPriorityGrouping)
    HAL_RCC_ClockConfig                      0x08002145   Thumb Code   280  stm32f1xx_hal_rcc.o(i.HAL_RCC_ClockConfig)
    HAL_RCC_GetPCLK1Freq                     0x08002271   Thumb Code    20  stm32f1xx_hal_rcc.o(i.HAL_RCC_GetPCLK1Freq)
    HAL_RCC_GetPCLK2Freq                     0x08002291   Thumb Code    20  stm32f1xx_hal_rcc.o(i.HAL_RCC_GetPCLK2Freq)
    HAL_RCC_GetSysClockFreq                  0x080022b1   Thumb Code    58  stm32f1xx_hal_rcc.o(i.HAL_RCC_GetSysClockFreq)
    HAL_RCC_OscConfig                        0x080022fd   Thumb Code   778  stm32f1xx_hal_rcc.o(i.HAL_RCC_OscConfig)
    HAL_SPI_Init                             0x0800261d   Thumb Code   178  stm32f1xx_hal_spi.o(i.HAL_SPI_Init)
    HAL_SPI_MspInit                          0x080026d1   Thumb Code   102  spi.o(i.HAL_SPI_MspInit)
    HAL_SPI_Receive                          0x08002745   Thumb Code   340  stm32f1xx_hal_spi.o(i.HAL_SPI_Receive)
    HAL_SPI_Transmit                         0x08002899   Thumb Code   358  stm32f1xx_hal_spi.o(i.HAL_SPI_Transmit)
    HAL_SPI_TransmitReceive                  0x080029ff   Thumb Code   496  stm32f1xx_hal_spi.o(i.HAL_SPI_TransmitReceive)
    HAL_SYSTICK_Config                       0x08002bef   Thumb Code    40  stm32f1xx_hal_cortex.o(i.HAL_SYSTICK_Config)
    HAL_TIMEx_BreakCallback                  0x08002c17   Thumb Code     2  stm32f1xx_hal_tim_ex.o(i.HAL_TIMEx_BreakCallback)
    HAL_TIMEx_CommutCallback                 0x08002c19   Thumb Code     2  stm32f1xx_hal_tim_ex.o(i.HAL_TIMEx_CommutCallback)
    HAL_TIMEx_MasterConfigSynchronization    0x08002c1d   Thumb Code    92  stm32f1xx_hal_tim_ex.o(i.HAL_TIMEx_MasterConfigSynchronization)
    HAL_TIM_Base_Init                        0x08002c85   Thumb Code    90  stm32f1xx_hal_tim.o(i.HAL_TIM_Base_Init)
    HAL_TIM_Base_MspInit                     0x08002ce1   Thumb Code    50  tim.o(i.HAL_TIM_Base_MspInit)
    HAL_TIM_Base_Start_IT                    0x08002d1d   Thumb Code    76  stm32f1xx_hal_tim.o(i.HAL_TIM_Base_Start_IT)
    HAL_TIM_ConfigClockSource                0x08002d75   Thumb Code   220  stm32f1xx_hal_tim.o(i.HAL_TIM_ConfigClockSource)
    HAL_TIM_IC_CaptureCallback               0x08002e51   Thumb Code     2  stm32f1xx_hal_tim.o(i.HAL_TIM_IC_CaptureCallback)
    HAL_TIM_IRQHandler                       0x08002e53   Thumb Code   304  stm32f1xx_hal_tim.o(i.HAL_TIM_IRQHandler)
    HAL_TIM_OC_DelayElapsedCallback          0x08002f83   Thumb Code     2  stm32f1xx_hal_tim.o(i.HAL_TIM_OC_DelayElapsedCallback)
    HAL_TIM_PWM_PulseFinishedCallback        0x08002f85   Thumb Code     2  stm32f1xx_hal_tim.o(i.HAL_TIM_PWM_PulseFinishedCallback)
    HAL_TIM_PeriodElapsedCallback            0x08002f89   Thumb Code    16  tim.o(i.HAL_TIM_PeriodElapsedCallback)
    HAL_TIM_TriggerCallback                  0x08002fa1   Thumb Code     2  stm32f1xx_hal_tim.o(i.HAL_TIM_TriggerCallback)
    HAL_UART_Init                            0x08002fa3   Thumb Code   100  stm32f1xx_hal_uart.o(i.HAL_UART_Init)
    HAL_UART_MspInit                         0x08003009   Thumb Code    98  usart.o(i.HAL_UART_MspInit)
    HAL_UART_Transmit                        0x08003079   Thumb Code   160  stm32f1xx_hal_uart.o(i.HAL_UART_Transmit)
    HardFault_Handler                        0x08003119   Thumb Code     2  stm32f1xx_it.o(i.HardFault_Handler)
    MX_GPIO_Init                             0x08003559   Thumb Code   274  gpio.o(i.MX_GPIO_Init)
    MX_I2C1_Init                             0x08003681   Thumb Code    50  i2c.o(i.MX_I2C1_Init)
    MX_I2C2_Init                             0x080036c1   Thumb Code    50  i2c.o(i.MX_I2C2_Init)
    MX_SPI2_Init                             0x08003701   Thumb Code    64  spi.o(i.MX_SPI2_Init)
    MX_TIM1_Init                             0x08003749   Thumb Code   104  tim.o(i.MX_TIM1_Init)
    MX_USART2_UART_Init                      0x080037b9   Thumb Code    48  usart.o(i.MX_USART2_UART_Init)
    Max30102_Calculate_HR_BO_Value           0x080037f1   Thumb Code   336  max30102.o(i.Max30102_Calculate_HR_BO_Value)
    Max30102_FIFO_ReadData                   0x08003955   Thumb Code    40  max30102.o(i.Max30102_FIFO_ReadData)
    Max30102_Init                            0x0800397d   Thumb Code   120  max30102.o(i.Max30102_Init)
    Max30102_ReadData                        0x080039f5   Thumb Code    22  max30102.o(i.Max30102_ReadData)
    Max30102_Reset                           0x08003a11   Thumb Code    26  max30102.o(i.Max30102_Reset)
    Max30102_Safety                          0x08003a2d   Thumb Code   134  max30102.o(i.Max30102_Safety)
    Max30102_WriteData                       0x08003ac5   Thumb Code    30  max30102.o(i.Max30102_WriteData)
    MemManage_Handler                        0x08003ae9   Thumb Code     2  stm32f1xx_it.o(i.MemManage_Handler)
    NMI_Handler                              0x08003aeb   Thumb Code     2  stm32f1xx_it.o(i.NMI_Handler)
    OLED_Clear                               0x08003aed   Thumb Code    40  oled.o(i.OLED_Clear)
    OLED_ColorTurn                           0x08003b19   Thumb Code    24  oled.o(i.OLED_ColorTurn)
    OLED_DisplayTurn                         0x08003b31   Thumb Code    44  oled.o(i.OLED_DisplayTurn)
    OLED_DrawPoint                           0x08003b5d   Thumb Code    40  oled.o(i.OLED_DrawPoint)
    OLED_Init                                0x08003b89   Thumb Code   266  oled.o(i.OLED_Init)
    OLED_Pow                                 0x08003c99   Thumb Code    16  oled.o(i.OLED_Pow)
    OLED_Refresh                             0x08003ca9   Thumb Code    70  oled.o(i.OLED_Refresh)
    OLED_ShowChar                            0x08003cf5   Thumb Code   212  oled.o(i.OLED_ShowChar)
    OLED_ShowNum                             0x08003dd9   Thumb Code   110  oled.o(i.OLED_ShowNum)
    OLED_ShowString                          0x08003e47   Thumb Code    60  oled.o(i.OLED_ShowString)
    OLED_WR_Byte                             0x08003e85   Thumb Code   124  oled.o(i.OLED_WR_Byte)
    PendSV_Handler                           0x08003f09   Thumb Code     2  stm32f1xx_it.o(i.PendSV_Handler)
    SVC_Handler                              0x08004055   Thumb Code     2  stm32f1xx_it.o(i.SVC_Handler)
    StepCounter_Init                         0x080040c9   Thumb Code    38  adxl345.o(i.StepCounter_Init)
    SysTick_Handler                          0x080040f9   Thumb Code     4  stm32f1xx_it.o(i.SysTick_Handler)
    SystemClock_Config                       0x080040fd   Thumb Code    94  main.o(i.SystemClock_Config)
    SystemInit                               0x0800415b   Thumb Code     2  system_stm32f1xx.o(i.SystemInit)
    TIM1_UP_IRQHandler                       0x0800415d   Thumb Code     6  stm32f1xx_it.o(i.TIM1_UP_IRQHandler)
    TIM_Base_SetConfig                       0x08004169   Thumb Code   108  stm32f1xx_hal_tim.o(i.TIM_Base_SetConfig)
    TIM_ETR_SetConfig                        0x080041e1   Thumb Code    20  stm32f1xx_hal_tim.o(i.TIM_ETR_SetConfig)
    UsageFault_Handler                       0x080043c3   Thumb Code     2  stm32f1xx_it.o(i.UsageFault_Handler)
    __ARM_fpclassify                         0x080043c5   Thumb Code    40  fpclassify.o(i.__ARM_fpclassify)
    _is_digit                                0x0800440d   Thumb Code    14  __printf_wp.o(i._is_digit)
    delay_us                                 0x0800441d   Thumb Code    70  ds18b20.o(i.delay_us)
    led1_control                             0x08004469   Thumb Code    12  gpio.o(i.led1_control)
    led2_control                             0x08004479   Thumb Code    12  gpio.o(i.led2_control)
    main                                     0x08004489   Thumb Code   496  main.o(i.main)
    maxim_find_peaks                         0x080046d1   Thumb Code    50  algorithm.o(i.maxim_find_peaks)
    maxim_heart_rate_and_oxygen_saturation   0x08004705   Thumb Code   936  algorithm.o(i.maxim_heart_rate_and_oxygen_saturation)
    maxim_peaks_above_min_height             0x08004ac1   Thumb Code   106  algorithm.o(i.maxim_peaks_above_min_height)
    maxim_remove_close_peaks                 0x08004b2d   Thumb Code   108  algorithm.o(i.maxim_remove_close_peaks)
    maxim_sort_ascend                        0x08004b99   Thumb Code    50  algorithm.o(i.maxim_sort_ascend)
    maxim_sort_indices_descend               0x08004bcd   Thumb Code    58  algorithm.o(i.maxim_sort_indices_descend)
    oled_showFnum                            0x08004c09   Thumb Code    68  oled.o(i.oled_showFnum)
    ui_setting                               0x08004c5d   Thumb Code   846  main.o(i.ui_setting)
    _get_lc_numeric                          0x0800500d   Thumb Code    44  lc_numeric_c.o(locale$$code)
    __aeabi_d2f                              0x08005039   Thumb Code     0  d2f.o(x$fpl$d2f)
    _d2f                                     0x08005039   Thumb Code    98  d2f.o(x$fpl$d2f)
    __fpl_dcheck_NaN1                        0x0800509d   Thumb Code    10  dcheck1.o(x$fpl$dcheck1)
    __aeabi_i2d                              0x080050ad   Thumb Code     0  dflt_clz.o(x$fpl$dflt)
    _dflt                                    0x080050ad   Thumb Code    46  dflt_clz.o(x$fpl$dflt)
    __fpl_dnaninf                            0x080050db   Thumb Code   156  dnaninf.o(x$fpl$dnaninf)
    __fpl_dretinf                            0x08005177   Thumb Code    12  dretinf.o(x$fpl$dretinf)
    __aeabi_f2d                              0x08005185   Thumb Code     0  f2d.o(x$fpl$f2d)
    _f2d                                     0x08005185   Thumb Code    86  f2d.o(x$fpl$f2d)
    __fpl_fcmp_Inf                           0x080051db   Thumb Code    24  fcmpi.o(x$fpl$fcmpinf)
    __aeabi_fdiv                             0x080051f5   Thumb Code     0  fdiv.o(x$fpl$fdiv)
    _fdiv                                    0x080051f5   Thumb Code   384  fdiv.o(x$fpl$fdiv)
    __aeabi_f2iz                             0x08005379   Thumb Code     0  ffix.o(x$fpl$ffix)
    _ffix                                    0x08005379   Thumb Code    54  ffix.o(x$fpl$ffix)
    __aeabi_i2f                              0x080053b1   Thumb Code     0  fflt_clz.o(x$fpl$fflt)
    _fflt                                    0x080053b1   Thumb Code    48  fflt_clz.o(x$fpl$fflt)
    __aeabi_ui2f                             0x080053e1   Thumb Code     0  fflt_clz.o(x$fpl$ffltu)
    _ffltu                                   0x080053e1   Thumb Code    38  fflt_clz.o(x$fpl$ffltu)
    __aeabi_cfcmple                          0x08005409   Thumb Code     0  fleqf.o(x$fpl$fleqf)
    _fcmple                                  0x08005409   Thumb Code   104  fleqf.o(x$fpl$fleqf)
    __fpl_fcmple_InfNaN                      0x0800545b   Thumb Code     0  fleqf.o(x$fpl$fleqf)
    __aeabi_fmul                             0x08005471   Thumb Code     0  fmul.o(x$fpl$fmul)
    _fmul                                    0x08005471   Thumb Code   258  fmul.o(x$fpl$fmul)
    __fpl_fnaninf                            0x08005573   Thumb Code   140  fnaninf.o(x$fpl$fnaninf)
    __fpl_fretinf                            0x080055ff   Thumb Code    10  fretinf.o(x$fpl$fretinf)
    _printf_fp_dec                           0x08005609   Thumb Code     4  printf1.o(x$fpl$printf1)
    __fpl_return_NaN                         0x0800560d   Thumb Code   100  retnan.o(x$fpl$retnan)
    __ARM_scalbn                             0x08005671   Thumb Code    92  scalbn.o(x$fpl$scalbn)
    __fpl_cmpreturn                          0x080056cd   Thumb Code    48  trapv.o(x$fpl$trapveneer)
    __I$use$fp                               0x080056fc   Number         0  usenofp.o(x$fpl$usenofp)
    asc2_0806                                0x080056fc   Data         552  oled.o(.constdata)
    asc2_1206                                0x08005924   Data        1140  oled.o(.constdata)
    asc2_1608                                0x08005d98   Data        1520  oled.o(.constdata)
    asc2_2412                                0x08006388   Data        3420  oled.o(.constdata)
    Hzk1                                     0x080070e4   Data         352  oled.o(.constdata)
    Hzk2                                     0x08007244   Data          72  oled.o(.constdata)
    Hzk3                                     0x0800728c   Data         128  oled.o(.constdata)
    Hzk4                                     0x0800730c   Data         512  oled.o(.constdata)
    auw_hamm                                 0x0800750c   Data          62  algorithm.o(.constdata)
    uch_spo2_table                           0x0800754a   Data         184  algorithm.o(.constdata)
    AHBPrescTable                            0x08007614   Data          16  system_stm32f1xx.o(.constdata)
    APBPrescTable                            0x08007624   Data           8  system_stm32f1xx.o(.constdata)
    Region$$Table$$Base                      0x080076d4   Number         0  anon$$obj.o(Region$$Table)
    Region$$Table$$Limit                     0x080076f4   Number         0  anon$$obj.o(Region$$Table)
    bufferIndex                              0x20000000   Data           1  max30102.o(.data)
    SpO2_valid                               0x20000001   Data           1  max30102.o(.data)
    hr_valid                                 0x20000002   Data           1  max30102.o(.data)
    ir_buffer_length                         0x20000004   Data           4  max30102.o(.data)
    red_max                                  0x20000008   Data           4  max30102.o(.data)
    red_min                                  0x2000000c   Data           4  max30102.o(.data)
    pn_SpO2_value                            0x20000010   Data           4  max30102.o(.data)
    pn_hr_value                              0x20000014   Data           4  max30102.o(.data)
    prev_data                                0x20000018   Data           4  max30102.o(.data)
    f_temp                                   0x2000001c   Data           4  max30102.o(.data)
    n_brightness                             0x20000020   Data           4  max30102.o(.data)
    TempData                                 0x20000024   Data           6  max30102.o(.data)
    hr_bnd                                   0x2000002a   Data           1  main.o(.data)
    bo_band                                  0x2000002b   Data           1  main.o(.data)
    temp_band                                0x2000002c   Data           1  main.o(.data)
    button                                   0x2000002d   Data           1  gpio.o(.data)
    timer1_up                                0x2000002e   Data           1  tim.o(.data)
    uwTickFreq                               0x20000030   Data           1  stm32f1xx_hal.o(.data)
    uwTickPrio                               0x20000034   Data           4  stm32f1xx_hal.o(.data)
    uwTick                                   0x20000038   Data           4  stm32f1xx_hal.o(.data)
    SystemCoreClock                          0x2000003c   Data           4  system_stm32f1xx.o(.data)
    OLED_GRAM                                0x20000040   Data        1152  oled.o(.bss)
    red_buffer                               0x20001c20   Data        2000  max30102.o(.bss)
    ir_buffer                                0x200023f0   Data        2000  max30102.o(.bss)
    heartRateBuffer                          0x20002bc0   Data         256  max30102.o(.bss)
    hi2c1                                    0x20002cc0   Data          84  i2c.o(.bss)
    hi2c2                                    0x20002d14   Data          84  i2c.o(.bss)
    hspi2                                    0x20002d68   Data          88  spi.o(.bss)
    step_counter                             0x20002dc0   Data          44  tim.o(.bss)
    htim1                                    0x20002dec   Data          72  tim.o(.bss)
    huart2                                   0x20002e34   Data          72  usart.o(.bss)
    __libspace_start                         0x20002e7c   Data          96  libspace.o(.bss)
    __temporary_stack_top$libspace           0x20002edc   Data           0  libspace.o(.bss)



==============================================================================

Memory Map of the image

  Image Entry point : 0x080000ed

  Load Region LR_IROM1 (Base: 0x08000000, Size: 0x00007750, Max: 0x00010000, ABSOLUTE)

    Execution Region ER_IROM1 (Exec base: 0x08000000, Load base: 0x08000000, Size: 0x00007710, Max: 0x00010000, ABSOLUTE)

    Exec Addr    Load Addr    Size         Type   Attr      Idx    E Section Name        Object

    0x08000000   0x08000000   0x000000ec   Data   RO            3    RESET               startup_stm32f103xb.o
    0x080000ec   0x080000ec   0x00000008   Code   RO         4218  * !!!main             c_w.l(__main.o)
    0x080000f4   0x080000f4   0x00000034   Code   RO         4507    !!!scatter          c_w.l(__scatter.o)
    0x08000128   0x08000128   0x0000001a   Code   RO         4509    !!handler_copy      c_w.l(__scatter_copy.o)
    0x08000142   0x08000142   0x00000002   PAD
    0x08000144   0x08000144   0x0000001c   Code   RO         4511    !!handler_zi        c_w.l(__scatter_zi.o)
    0x08000160   0x08000160   0x00000000   Code   RO         4213    .ARM.Collect$$_printf_percent$$00000000  c_w.l(_printf_percent.o)
    0x08000160   0x08000160   0x00000006   Code   RO         4212    .ARM.Collect$$_printf_percent$$00000003  c_w.l(_printf_f.o)
    0x08000166   0x08000166   0x00000006   Code   RO         4211    .ARM.Collect$$_printf_percent$$00000009  c_w.l(_printf_d.o)
    0x0800016c   0x0800016c   0x00000004   Code   RO         4279    .ARM.Collect$$_printf_percent$$00000017  c_w.l(_printf_percent_end.o)
    0x08000170   0x08000170   0x00000002   Code   RO         4378    .ARM.Collect$$libinit$$00000000  c_w.l(libinit.o)
    0x08000172   0x08000172   0x00000000   Code   RO         4380    .ARM.Collect$$libinit$$00000002  c_w.l(libinit2.o)
    0x08000172   0x08000172   0x00000000   Code   RO         4382    .ARM.Collect$$libinit$$00000004  c_w.l(libinit2.o)
    0x08000172   0x08000172   0x00000000   Code   RO         4385    .ARM.Collect$$libinit$$0000000A  c_w.l(libinit2.o)
    0x08000172   0x08000172   0x00000000   Code   RO         4387    .ARM.Collect$$libinit$$0000000C  c_w.l(libinit2.o)
    0x08000172   0x08000172   0x00000000   Code   RO         4389    .ARM.Collect$$libinit$$0000000E  c_w.l(libinit2.o)
    0x08000172   0x08000172   0x00000006   Code   RO         4390    .ARM.Collect$$libinit$$0000000F  c_w.l(libinit2.o)
    0x08000178   0x08000178   0x00000000   Code   RO         4392    .ARM.Collect$$libinit$$00000011  c_w.l(libinit2.o)
    0x08000178   0x08000178   0x00000000   Code   RO         4394    .ARM.Collect$$libinit$$00000013  c_w.l(libinit2.o)
    0x08000178   0x08000178   0x00000000   Code   RO         4396    .ARM.Collect$$libinit$$00000015  c_w.l(libinit2.o)
    0x08000178   0x08000178   0x0000000a   Code   RO         4397    .ARM.Collect$$libinit$$00000016  c_w.l(libinit2.o)
    0x08000182   0x08000182   0x00000000   Code   RO         4398    .ARM.Collect$$libinit$$00000017  c_w.l(libinit2.o)
    0x08000182   0x08000182   0x00000000   Code   RO         4400    .ARM.Collect$$libinit$$00000019  c_w.l(libinit2.o)
    0x08000182   0x08000182   0x00000000   Code   RO         4402    .ARM.Collect$$libinit$$0000001B  c_w.l(libinit2.o)
    0x08000182   0x08000182   0x00000000   Code   RO         4404    .ARM.Collect$$libinit$$0000001D  c_w.l(libinit2.o)
    0x08000182   0x08000182   0x00000000   Code   RO         4406    .ARM.Collect$$libinit$$0000001F  c_w.l(libinit2.o)
    0x08000182   0x08000182   0x00000000   Code   RO         4408    .ARM.Collect$$libinit$$00000021  c_w.l(libinit2.o)
    0x08000182   0x08000182   0x00000000   Code   RO         4410    .ARM.Collect$$libinit$$00000023  c_w.l(libinit2.o)
    0x08000182   0x08000182   0x00000000   Code   RO         4412    .ARM.Collect$$libinit$$00000025  c_w.l(libinit2.o)
    0x08000182   0x08000182   0x00000000   Code   RO         4416    .ARM.Collect$$libinit$$0000002C  c_w.l(libinit2.o)
    0x08000182   0x08000182   0x00000000   Code   RO         4418    .ARM.Collect$$libinit$$0000002E  c_w.l(libinit2.o)
    0x08000182   0x08000182   0x00000000   Code   RO         4420    .ARM.Collect$$libinit$$00000030  c_w.l(libinit2.o)
    0x08000182   0x08000182   0x00000000   Code   RO         4422    .ARM.Collect$$libinit$$00000032  c_w.l(libinit2.o)
    0x08000182   0x08000182   0x00000002   Code   RO         4423    .ARM.Collect$$libinit$$00000033  c_w.l(libinit2.o)
    0x08000184   0x08000184   0x00000002   Code   RO         4455    .ARM.Collect$$libshutdown$$00000000  c_w.l(libshutdown.o)
    0x08000186   0x08000186   0x00000000   Code   RO         4466    .ARM.Collect$$libshutdown$$00000002  c_w.l(libshutdown2.o)
    0x08000186   0x08000186   0x00000000   Code   RO         4468    .ARM.Collect$$libshutdown$$00000004  c_w.l(libshutdown2.o)
    0x08000186   0x08000186   0x00000000   Code   RO         4471    .ARM.Collect$$libshutdown$$00000007  c_w.l(libshutdown2.o)
    0x08000186   0x08000186   0x00000000   Code   RO         4474    .ARM.Collect$$libshutdown$$0000000A  c_w.l(libshutdown2.o)
    0x08000186   0x08000186   0x00000000   Code   RO         4476    .ARM.Collect$$libshutdown$$0000000C  c_w.l(libshutdown2.o)
    0x08000186   0x08000186   0x00000000   Code   RO         4479    .ARM.Collect$$libshutdown$$0000000F  c_w.l(libshutdown2.o)
    0x08000186   0x08000186   0x00000002   Code   RO         4480    .ARM.Collect$$libshutdown$$00000010  c_w.l(libshutdown2.o)
    0x08000188   0x08000188   0x00000000   Code   RO         4268    .ARM.Collect$$rtentry$$00000000  c_w.l(__rtentry.o)
    0x08000188   0x08000188   0x00000000   Code   RO         4298    .ARM.Collect$$rtentry$$00000002  c_w.l(__rtentry2.o)
    0x08000188   0x08000188   0x00000006   Code   RO         4310    .ARM.Collect$$rtentry$$00000004  c_w.l(__rtentry4.o)
    0x0800018e   0x0800018e   0x00000000   Code   RO         4300    .ARM.Collect$$rtentry$$00000009  c_w.l(__rtentry2.o)
    0x0800018e   0x0800018e   0x00000004   Code   RO         4301    .ARM.Collect$$rtentry$$0000000A  c_w.l(__rtentry2.o)
    0x08000192   0x08000192   0x00000000   Code   RO         4303    .ARM.Collect$$rtentry$$0000000C  c_w.l(__rtentry2.o)
    0x08000192   0x08000192   0x00000008   Code   RO         4304    .ARM.Collect$$rtentry$$0000000D  c_w.l(__rtentry2.o)
    0x0800019a   0x0800019a   0x00000002   Code   RO         4426    .ARM.Collect$$rtexit$$00000000  c_w.l(rtexit.o)
    0x0800019c   0x0800019c   0x00000000   Code   RO         4433    .ARM.Collect$$rtexit$$00000002  c_w.l(rtexit2.o)
    0x0800019c   0x0800019c   0x00000004   Code   RO         4434    .ARM.Collect$$rtexit$$00000003  c_w.l(rtexit2.o)
    0x080001a0   0x080001a0   0x00000006   Code   RO         4435    .ARM.Collect$$rtexit$$00000004  c_w.l(rtexit2.o)
    0x080001a6   0x080001a6   0x00000002   PAD
    0x080001a8   0x080001a8   0x00000040   Code   RO            4    .text               startup_stm32f103xb.o
    0x080001e8   0x080001e8   0x00000028   Code   RO         4183    .text               c_w.l(noretval__2sprintf.o)
    0x08000210   0x08000210   0x0000004e   Code   RO         4187    .text               c_w.l(_printf_pad.o)
    0x0800025e   0x0800025e   0x00000002   PAD
    0x08000260   0x08000260   0x00000078   Code   RO         4189    .text               c_w.l(_printf_dec.o)
    0x080002d8   0x080002d8   0x00000138   Code   RO         4203    .text               c_w.l(__printf_flags_wp.o)
    0x08000410   0x08000410   0x0000004e   Code   RO         4214    .text               c_w.l(rt_memclr_w.o)
    0x0800045e   0x0800045e   0x00000006   Code   RO         4216    .text               c_w.l(heapauxi.o)
    0x08000464   0x08000464   0x000000b2   Code   RO         4271    .text               c_w.l(_printf_intcommon.o)
    0x08000516   0x08000516   0x0000041e   Code   RO         4273    .text               c_w.l(_printf_fp_dec.o)
    0x08000934   0x08000934   0x00000030   Code   RO         4275    .text               c_w.l(_printf_char_common.o)
    0x08000964   0x08000964   0x0000000a   Code   RO         4277    .text               c_w.l(_sputc.o)
    0x0800096e   0x0800096e   0x00000002   PAD
    0x08000970   0x08000970   0x00000008   Code   RO         4315    .text               c_w.l(rt_locale_intlibspace.o)
    0x08000978   0x08000978   0x0000008a   Code   RO         4322    .text               c_w.l(lludiv10.o)
    0x08000a02   0x08000a02   0x00000002   PAD
    0x08000a04   0x08000a04   0x00000080   Code   RO         4324    .text               c_w.l(_printf_fp_infnan.o)
    0x08000a84   0x08000a84   0x000000e4   Code   RO         4328    .text               c_w.l(bigflt0.o)
    0x08000b68   0x08000b68   0x00000008   Code   RO         4364    .text               c_w.l(libspace.o)
    0x08000b70   0x08000b70   0x0000004a   Code   RO         4367    .text               c_w.l(sys_stackheap_outer.o)
    0x08000bba   0x08000bba   0x00000012   Code   RO         4369    .text               c_w.l(exit.o)
    0x08000bcc   0x08000bcc   0x00000080   Code   RO         4371    .text               c_w.l(strcmpv7m.o)
    0x08000c4c   0x08000c4c   0x0000000c   Code   RO         4445    .text               c_w.l(sys_exit.o)
    0x08000c58   0x08000c58   0x00000002   Code   RO         4456    .text               c_w.l(use_no_semi.o)
    0x08000c5a   0x08000c5a   0x00000000   Code   RO         4458    .text               c_w.l(indicate_semi.o)
    0x08000c5a   0x08000c5a   0x0000003e   Code   RO         4331    CL$$btod_d2e        c_w.l(btod.o)
    0x08000c98   0x08000c98   0x00000046   Code   RO         4333    CL$$btod_d2e_denorm_low  c_w.l(btod.o)
    0x08000cde   0x08000cde   0x00000060   Code   RO         4332    CL$$btod_d2e_norm_op1  c_w.l(btod.o)
    0x08000d3e   0x08000d3e   0x00000338   Code   RO         4341    CL$$btod_div_common  c_w.l(btod.o)
    0x08001076   0x08001076   0x000000dc   Code   RO         4338    CL$$btod_e2e        c_w.l(btod.o)
    0x08001152   0x08001152   0x0000002a   Code   RO         4335    CL$$btod_ediv       c_w.l(btod.o)
    0x0800117c   0x0800117c   0x0000002a   Code   RO         4334    CL$$btod_emul       c_w.l(btod.o)
    0x080011a6   0x080011a6   0x00000244   Code   RO         4340    CL$$btod_mult_common  c_w.l(btod.o)
    0x080013ea   0x080013ea   0x00000002   PAD
    0x080013ec   0x080013ec   0x00000010   Code   RO          454    i.ADXL345_CS_Disable  adxl345.o
    0x080013fc   0x080013fc   0x00000010   Code   RO          455    i.ADXL345_CS_Enable  adxl345.o
    0x0800140c   0x0800140c   0x0000002a   Code   RO          456    i.ADXL345_Init      adxl345.o
    0x08001436   0x08001436   0x00000022   Code   RO          457    i.ADXL345_ReadData  adxl345.o
    0x08001458   0x08001458   0x00000034   Code   RO          458    i.ADXL345_ReadMultiRegisters  adxl345.o
    0x0800148c   0x0800148c   0x0000003c   Code   RO          459    i.ADXL345_ReadRegister  adxl345.o
    0x080014c8   0x080014c8   0x00000034   Code   RO          460    i.ADXL345_ToGravity  adxl345.o
    0x080014fc   0x080014fc   0x00000024   Code   RO          461    i.ADXL345_WriteRegister  adxl345.o
    0x08001520   0x08001520   0x00000012   Code   RO          266    i.BCD2DEC           ds3231.o
    0x08001532   0x08001532   0x00000002   Code   RO          916    i.BusFault_Handler  stm32f1xx_it.o
    0x08001534   0x08001534   0x00000058   Code   RO          541    i.Check_DS          ds18b20.o
    0x0800158c   0x0800158c   0x00000016   Code   RO          267    i.DEC2BCD           ds3231.o
    0x080015a2   0x080015a2   0x00000002   PAD
    0x080015a4   0x080015a4   0x0000007c   Code   RO          268    i.DS3231_GetTime    ds3231.o
    0x08001620   0x08001620   0x0000006c   Code   RO          269    i.DS3231_WriteTime  ds3231.o
    0x0800168c   0x0800168c   0x0000000e   Code   RO          542    i.DS_Init           ds18b20.o
    0x0800169a   0x0800169a   0x00000002   PAD
    0x0800169c   0x0800169c   0x00000054   Code   RO          543    i.DS_Read_Byte      ds18b20.o
    0x080016f0   0x080016f0   0x00000034   Code   RO          544    i.DS_Reset          ds18b20.o
    0x08001724   0x08001724   0x0000005c   Code   RO          545    i.DS_Write_Byte     ds18b20.o
    0x08001780   0x08001780   0x00000002   Code   RO          917    i.DebugMon_Handler  stm32f1xx_it.o
    0x08001782   0x08001782   0x00000008   Code   RO          918    i.EXTI15_10_IRQHandler  stm32f1xx_it.o
    0x0800178a   0x0800178a   0x00000016   Code   RO          919    i.EXTI9_5_IRQHandler  stm32f1xx_it.o
    0x080017a0   0x080017a0   0x00000004   Code   RO          612    i.Error_Handler     main.o
    0x080017a4   0x080017a4   0x00000060   Code   RO          546    i.Get_DS_Temperature  ds18b20.o
    0x08001804   0x08001804   0x00000024   Code   RO         1514    i.HAL_Delay         stm32f1xx_hal.o
    0x08001828   0x08001828   0x00000028   Code   RO          680    i.HAL_GPIO_EXTI_Callback  gpio.o
    0x08001850   0x08001850   0x00000018   Code   RO         1823    i.HAL_GPIO_EXTI_IRQHandler  stm32f1xx_hal_gpio.o
    0x08001868   0x08001868   0x000001e0   Code   RO         1824    i.HAL_GPIO_Init     stm32f1xx_hal_gpio.o
    0x08001a48   0x08001a48   0x0000000a   Code   RO         1826    i.HAL_GPIO_ReadPin  stm32f1xx_hal_gpio.o
    0x08001a52   0x08001a52   0x0000000a   Code   RO         1828    i.HAL_GPIO_WritePin  stm32f1xx_hal_gpio.o
    0x08001a5c   0x08001a5c   0x0000000c   Code   RO         1518    i.HAL_GetTick       stm32f1xx_hal.o
    0x08001a68   0x08001a68   0x00000188   Code   RO         1081    i.HAL_I2C_Init      stm32f1xx_hal_i2c.o
    0x08001bf0   0x08001bf0   0x0000025c   Code   RO         1099    i.HAL_I2C_Mem_Read  stm32f1xx_hal_i2c.o
    0x08001e4c   0x08001e4c   0x00000130   Code   RO         1102    i.HAL_I2C_Mem_Write  stm32f1xx_hal_i2c.o
    0x08001f7c   0x08001f7c   0x00000098   Code   RO          735    i.HAL_I2C_MspInit   i2c.o
    0x08002014   0x08002014   0x00000010   Code   RO         1524    i.HAL_IncTick       stm32f1xx_hal.o
    0x08002024   0x08002024   0x00000024   Code   RO         1525    i.HAL_Init          stm32f1xx_hal.o
    0x08002048   0x08002048   0x00000040   Code   RO         1526    i.HAL_InitTick      stm32f1xx_hal.o
    0x08002088   0x08002088   0x0000003c   Code   RO         1010    i.HAL_MspInit       stm32f1xx_hal_msp.o
    0x080020c4   0x080020c4   0x0000001a   Code   RO         1984    i.HAL_NVIC_EnableIRQ  stm32f1xx_hal_cortex.o
    0x080020de   0x080020de   0x00000002   PAD
    0x080020e0   0x080020e0   0x00000040   Code   RO         1990    i.HAL_NVIC_SetPriority  stm32f1xx_hal_cortex.o
    0x08002120   0x08002120   0x00000024   Code   RO         1991    i.HAL_NVIC_SetPriorityGrouping  stm32f1xx_hal_cortex.o
    0x08002144   0x08002144   0x0000012c   Code   RO         1682    i.HAL_RCC_ClockConfig  stm32f1xx_hal_rcc.o
    0x08002270   0x08002270   0x00000020   Code   RO         1689    i.HAL_RCC_GetPCLK1Freq  stm32f1xx_hal_rcc.o
    0x08002290   0x08002290   0x00000020   Code   RO         1690    i.HAL_RCC_GetPCLK2Freq  stm32f1xx_hal_rcc.o
    0x080022b0   0x080022b0   0x0000004c   Code   RO         1691    i.HAL_RCC_GetSysClockFreq  stm32f1xx_hal_rcc.o
    0x080022fc   0x080022fc   0x00000320   Code   RO         1694    i.HAL_RCC_OscConfig  stm32f1xx_hal_rcc.o
    0x0800261c   0x0800261c   0x000000b2   Code   RO         2495    i.HAL_SPI_Init      stm32f1xx_hal_spi.o
    0x080026ce   0x080026ce   0x00000002   PAD
    0x080026d0   0x080026d0   0x00000074   Code   RO          783    i.HAL_SPI_MspInit   spi.o
    0x08002744   0x08002744   0x00000154   Code   RO         2498    i.HAL_SPI_Receive   stm32f1xx_hal_spi.o
    0x08002898   0x08002898   0x00000166   Code   RO         2503    i.HAL_SPI_Transmit  stm32f1xx_hal_spi.o
    0x080029fe   0x080029fe   0x000001f0   Code   RO         2504    i.HAL_SPI_TransmitReceive  stm32f1xx_hal_spi.o
    0x08002bee   0x08002bee   0x00000028   Code   RO         1995    i.HAL_SYSTICK_Config  stm32f1xx_hal_cortex.o
    0x08002c16   0x08002c16   0x00000002   Code   RO         3512    i.HAL_TIMEx_BreakCallback  stm32f1xx_hal_tim_ex.o
    0x08002c18   0x08002c18   0x00000002   Code   RO         3513    i.HAL_TIMEx_CommutCallback  stm32f1xx_hal_tim_ex.o
    0x08002c1a   0x08002c1a   0x00000002   PAD
    0x08002c1c   0x08002c1c   0x00000068   Code   RO         3531    i.HAL_TIMEx_MasterConfigSynchronization  stm32f1xx_hal_tim_ex.o
    0x08002c84   0x08002c84   0x0000005a   Code   RO         2808    i.HAL_TIM_Base_Init  stm32f1xx_hal_tim.o
    0x08002cde   0x08002cde   0x00000002   PAD
    0x08002ce0   0x08002ce0   0x0000003c   Code   RO          825    i.HAL_TIM_Base_MspInit  tim.o
    0x08002d1c   0x08002d1c   0x00000058   Code   RO         2813    i.HAL_TIM_Base_Start_IT  stm32f1xx_hal_tim.o
    0x08002d74   0x08002d74   0x000000dc   Code   RO         2817    i.HAL_TIM_ConfigClockSource  stm32f1xx_hal_tim.o
    0x08002e50   0x08002e50   0x00000002   Code   RO         2842    i.HAL_TIM_IC_CaptureCallback  stm32f1xx_hal_tim.o
    0x08002e52   0x08002e52   0x00000130   Code   RO         2856    i.HAL_TIM_IRQHandler  stm32f1xx_hal_tim.o
    0x08002f82   0x08002f82   0x00000002   Code   RO         2859    i.HAL_TIM_OC_DelayElapsedCallback  stm32f1xx_hal_tim.o
    0x08002f84   0x08002f84   0x00000002   Code   RO         2886    i.HAL_TIM_PWM_PulseFinishedCallback  stm32f1xx_hal_tim.o
    0x08002f86   0x08002f86   0x00000002   PAD
    0x08002f88   0x08002f88   0x00000018   Code   RO          826    i.HAL_TIM_PeriodElapsedCallback  tim.o
    0x08002fa0   0x08002fa0   0x00000002   Code   RO         2899    i.HAL_TIM_TriggerCallback  stm32f1xx_hal_tim.o
    0x08002fa2   0x08002fa2   0x00000064   Code   RO         3809    i.HAL_UART_Init     stm32f1xx_hal_uart.o
    0x08003006   0x08003006   0x00000002   PAD
    0x08003008   0x08003008   0x00000070   Code   RO          875    i.HAL_UART_MspInit  usart.o
    0x08003078   0x08003078   0x000000a0   Code   RO         3817    i.HAL_UART_Transmit  stm32f1xx_hal_uart.o
    0x08003118   0x08003118   0x00000002   Code   RO          920    i.HardFault_Handler  stm32f1xx_it.o
    0x0800311a   0x0800311a   0x0000002e   Code   RO         1124    i.I2C_IsAcknowledgeFailed  stm32f1xx_hal_i2c.o
    0x08003148   0x08003148   0x000000fc   Code   RO         1134    i.I2C_RequestMemoryRead  stm32f1xx_hal_i2c.o
    0x08003244   0x08003244   0x000000a8   Code   RO         1135    i.I2C_RequestMemoryWrite  stm32f1xx_hal_i2c.o
    0x080032ec   0x080032ec   0x00000056   Code   RO         1139    i.I2C_WaitOnBTFFlagUntilTimeout  stm32f1xx_hal_i2c.o
    0x08003342   0x08003342   0x00000002   PAD
    0x08003344   0x08003344   0x00000090   Code   RO         1140    i.I2C_WaitOnFlagUntilTimeout  stm32f1xx_hal_i2c.o
    0x080033d4   0x080033d4   0x000000bc   Code   RO         1141    i.I2C_WaitOnMasterAddressFlagUntilTimeout  stm32f1xx_hal_i2c.o
    0x08003490   0x08003490   0x00000070   Code   RO         1142    i.I2C_WaitOnRXNEFlagUntilTimeout  stm32f1xx_hal_i2c.o
    0x08003500   0x08003500   0x00000056   Code   RO         1143    i.I2C_WaitOnTXEFlagUntilTimeout  stm32f1xx_hal_i2c.o
    0x08003556   0x08003556   0x00000002   PAD
    0x08003558   0x08003558   0x00000128   Code   RO          681    i.MX_GPIO_Init      gpio.o
    0x08003680   0x08003680   0x00000040   Code   RO          736    i.MX_I2C1_Init      i2c.o
    0x080036c0   0x080036c0   0x00000040   Code   RO          737    i.MX_I2C2_Init      i2c.o
    0x08003700   0x08003700   0x00000048   Code   RO          784    i.MX_SPI2_Init      spi.o
    0x08003748   0x08003748   0x00000070   Code   RO          827    i.MX_TIM1_Init      tim.o
    0x080037b8   0x080037b8   0x00000038   Code   RO          876    i.MX_USART2_UART_Init  usart.o
    0x080037f0   0x080037f0   0x00000164   Code   RO          376    i.Max30102_Calculate_HR_BO_Value  max30102.o
    0x08003954   0x08003954   0x00000028   Code   RO          377    i.Max30102_FIFO_ReadData  max30102.o
    0x0800397c   0x0800397c   0x00000078   Code   RO          378    i.Max30102_Init     max30102.o
    0x080039f4   0x080039f4   0x0000001c   Code   RO          379    i.Max30102_ReadData  max30102.o
    0x08003a10   0x08003a10   0x0000001a   Code   RO          380    i.Max30102_Reset    max30102.o
    0x08003a2a   0x08003a2a   0x00000002   PAD
    0x08003a2c   0x08003a2c   0x00000098   Code   RO          381    i.Max30102_Safety   max30102.o
    0x08003ac4   0x08003ac4   0x00000024   Code   RO          382    i.Max30102_WriteData  max30102.o
    0x08003ae8   0x08003ae8   0x00000002   Code   RO          921    i.MemManage_Handler  stm32f1xx_it.o
    0x08003aea   0x08003aea   0x00000002   Code   RO          922    i.NMI_Handler       stm32f1xx_it.o
    0x08003aec   0x08003aec   0x0000002c   Code   RO           13    i.OLED_Clear        oled.o
    0x08003b18   0x08003b18   0x00000018   Code   RO           14    i.OLED_ColorTurn    oled.o
    0x08003b30   0x08003b30   0x0000002c   Code   RO           17    i.OLED_DisplayTurn  oled.o
    0x08003b5c   0x08003b5c   0x0000002c   Code   RO           20    i.OLED_DrawPoint    oled.o
    0x08003b88   0x08003b88   0x00000110   Code   RO           21    i.OLED_Init         oled.o
    0x08003c98   0x08003c98   0x00000010   Code   RO           22    i.OLED_Pow          oled.o
    0x08003ca8   0x08003ca8   0x0000004c   Code   RO           23    i.OLED_Refresh      oled.o
    0x08003cf4   0x08003cf4   0x000000e4   Code   RO           25    i.OLED_ShowChar     oled.o
    0x08003dd8   0x08003dd8   0x0000006e   Code   RO           27    i.OLED_ShowNum      oled.o
    0x08003e46   0x08003e46   0x0000003c   Code   RO           29    i.OLED_ShowString   oled.o
    0x08003e82   0x08003e82   0x00000002   PAD
    0x08003e84   0x08003e84   0x00000084   Code   RO           30    i.OLED_WR_Byte      oled.o
    0x08003f08   0x08003f08   0x00000002   Code   RO          923    i.PendSV_Handler    stm32f1xx_it.o
    0x08003f0a   0x08003f0a   0x0000005c   Code   RO         2532    i.SPI_EndRxTransaction  stm32f1xx_hal_spi.o
    0x08003f66   0x08003f66   0x00000034   Code   RO         2533    i.SPI_EndRxTxTransaction  stm32f1xx_hal_spi.o
    0x08003f9a   0x08003f9a   0x00000002   PAD
    0x08003f9c   0x08003f9c   0x000000b8   Code   RO         2538    i.SPI_WaitFlagStateUntilTimeout  stm32f1xx_hal_spi.o
    0x08004054   0x08004054   0x00000002   Code   RO          924    i.SVC_Handler       stm32f1xx_it.o
    0x08004056   0x08004056   0x00000002   PAD
    0x08004058   0x08004058   0x00000038   Code   RO          547    i.Set_DS_Pin_In     ds18b20.o
    0x08004090   0x08004090   0x00000038   Code   RO          548    i.Set_DS_Pin_Out    ds18b20.o
    0x080040c8   0x080040c8   0x00000030   Code   RO          462    i.StepCounter_Init  adxl345.o
    0x080040f8   0x080040f8   0x00000004   Code   RO          925    i.SysTick_Handler   stm32f1xx_it.o
    0x080040fc   0x080040fc   0x0000005e   Code   RO          613    i.SystemClock_Config  main.o
    0x0800415a   0x0800415a   0x00000002   Code   RO         4143    i.SystemInit        system_stm32f1xx.o
    0x0800415c   0x0800415c   0x0000000c   Code   RO          926    i.TIM1_UP_IRQHandler  stm32f1xx_it.o
    0x08004168   0x08004168   0x00000078   Code   RO         2901    i.TIM_Base_SetConfig  stm32f1xx_hal_tim.o
    0x080041e0   0x080041e0   0x00000014   Code   RO         2912    i.TIM_ETR_SetConfig  stm32f1xx_hal_tim.o
    0x080041f4   0x080041f4   0x00000010   Code   RO         2913    i.TIM_ITRx_SetConfig  stm32f1xx_hal_tim.o
    0x08004204   0x08004204   0x00000022   Code   RO         2919    i.TIM_TI1_ConfigInputStage  stm32f1xx_hal_tim.o
    0x08004226   0x08004226   0x00000024   Code   RO         2921    i.TIM_TI2_ConfigInputStage  stm32f1xx_hal_tim.o
    0x0800424a   0x0800424a   0x0000004e   Code   RO         3832    i.UART_EndRxTransfer  stm32f1xx_hal_uart.o
    0x08004298   0x08004298   0x000000b8   Code   RO         3835    i.UART_SetConfig    stm32f1xx_hal_uart.o
    0x08004350   0x08004350   0x00000072   Code   RO         3838    i.UART_WaitOnFlagUntilTimeout  stm32f1xx_hal_uart.o
    0x080043c2   0x080043c2   0x00000002   Code   RO          927    i.UsageFault_Handler  stm32f1xx_it.o
    0x080043c4   0x080043c4   0x00000028   Code   RO         4362    i.__ARM_fpclassify  m_ws.l(fpclassify.o)
    0x080043ec   0x080043ec   0x00000020   Code   RO         1997    i.__NVIC_SetPriority  stm32f1xx_hal_cortex.o
    0x0800440c   0x0800440c   0x0000000e   Code   RO         4201    i._is_digit         c_w.l(__printf_wp.o)
    0x0800441a   0x0800441a   0x00000002   PAD
    0x0800441c   0x0800441c   0x0000004c   Code   RO          549    i.delay_us          ds18b20.o
    0x08004468   0x08004468   0x00000010   Code   RO          683    i.led1_control      gpio.o
    0x08004478   0x08004478   0x00000010   Code   RO          684    i.led2_control      gpio.o
    0x08004488   0x08004488   0x00000248   Code   RO          614    i.main              main.o
    0x080046d0   0x080046d0   0x00000032   Code   RO          314    i.maxim_find_peaks  algorithm.o
    0x08004702   0x08004702   0x00000002   PAD
    0x08004704   0x08004704   0x000003bc   Code   RO          315    i.maxim_heart_rate_and_oxygen_saturation  algorithm.o
    0x08004ac0   0x08004ac0   0x0000006a   Code   RO          316    i.maxim_peaks_above_min_height  algorithm.o
    0x08004b2a   0x08004b2a   0x00000002   PAD
    0x08004b2c   0x08004b2c   0x0000006c   Code   RO          317    i.maxim_remove_close_peaks  algorithm.o
    0x08004b98   0x08004b98   0x00000032   Code   RO          318    i.maxim_sort_ascend  algorithm.o
    0x08004bca   0x08004bca   0x00000002   PAD
    0x08004bcc   0x08004bcc   0x0000003a   Code   RO          319    i.maxim_sort_indices_descend  algorithm.o
    0x08004c06   0x08004c06   0x00000002   PAD
    0x08004c08   0x08004c08   0x00000054   Code   RO           31    i.oled_showFnum     oled.o
    0x08004c5c   0x08004c5c   0x000003b0   Code   RO          615    i.ui_setting        main.o
    0x0800500c   0x0800500c   0x0000002c   Code   RO         4354    locale$$code        c_w.l(lc_numeric_c.o)
    0x08005038   0x08005038   0x00000062   Code   RO         4220    x$fpl$d2f           fz_ws.l(d2f.o)
    0x0800509a   0x0800509a   0x00000002   PAD
    0x0800509c   0x0800509c   0x00000010   Code   RO         4280    x$fpl$dcheck1       fz_ws.l(dcheck1.o)
    0x080050ac   0x080050ac   0x0000002e   Code   RO         4223    x$fpl$dflt          fz_ws.l(dflt_clz.o)
    0x080050da   0x080050da   0x0000009c   Code   RO         4284    x$fpl$dnaninf       fz_ws.l(dnaninf.o)
    0x08005176   0x08005176   0x0000000c   Code   RO         4286    x$fpl$dretinf       fz_ws.l(dretinf.o)
    0x08005182   0x08005182   0x00000002   PAD
    0x08005184   0x08005184   0x00000056   Code   RO         4228    x$fpl$f2d           fz_ws.l(f2d.o)
    0x080051da   0x080051da   0x00000018   Code   RO         4290    x$fpl$fcmpinf       fz_ws.l(fcmpi.o)
    0x080051f2   0x080051f2   0x00000002   PAD
    0x080051f4   0x080051f4   0x00000184   Code   RO         4237    x$fpl$fdiv          fz_ws.l(fdiv.o)
    0x08005378   0x08005378   0x00000036   Code   RO         4240    x$fpl$ffix          fz_ws.l(ffix.o)
    0x080053ae   0x080053ae   0x00000002   PAD
    0x080053b0   0x080053b0   0x00000030   Code   RO         4245    x$fpl$fflt          fz_ws.l(fflt_clz.o)
    0x080053e0   0x080053e0   0x00000026   Code   RO         4244    x$fpl$ffltu         fz_ws.l(fflt_clz.o)
    0x08005406   0x08005406   0x00000002   PAD
    0x08005408   0x08005408   0x00000068   Code   RO         4250    x$fpl$fleqf         fz_ws.l(fleqf.o)
    0x08005470   0x08005470   0x00000102   Code   RO         4252    x$fpl$fmul          fz_ws.l(fmul.o)
    0x08005572   0x08005572   0x0000008c   Code   RO         4292    x$fpl$fnaninf       fz_ws.l(fnaninf.o)
    0x080055fe   0x080055fe   0x0000000a   Code   RO         4294    x$fpl$fretinf       fz_ws.l(fretinf.o)
    0x08005608   0x08005608   0x00000004   Code   RO         4256    x$fpl$printf1       fz_ws.l(printf1.o)
    0x0800560c   0x0800560c   0x00000064   Code   RO         4360    x$fpl$retnan        fz_ws.l(retnan.o)
    0x08005670   0x08005670   0x0000005c   Code   RO         4258    x$fpl$scalbn        fz_ws.l(scalbn.o)
    0x080056cc   0x080056cc   0x00000030   Code   RO         4424    x$fpl$trapveneer    fz_ws.l(trapv.o)
    0x080056fc   0x080056fc   0x00000000   Code   RO         4296    x$fpl$usenofp       fz_ws.l(usenofp.o)
    0x080056fc   0x080056fc   0x00001e10   Data   RO           33    .constdata          oled.o
    0x0800750c   0x0800750c   0x000000f6   Data   RO          321    .constdata          algorithm.o
    0x08007602   0x08007602   0x00000012   Data   RO         1695    .constdata          stm32f1xx_hal_rcc.o
    0x08007614   0x08007614   0x00000010   Data   RO         4144    .constdata          system_stm32f1xx.o
    0x08007624   0x08007624   0x00000008   Data   RO         4145    .constdata          system_stm32f1xx.o
    0x0800762c   0x0800762c   0x00000011   Data   RO         4204    .constdata          c_w.l(__printf_flags_wp.o)
    0x0800763d   0x0800763d   0x00000003   PAD
    0x08007640   0x08007640   0x00000094   Data   RO         4329    .constdata          c_w.l(bigflt0.o)
    0x080076d4   0x080076d4   0x00000020   Data   RO         4505    Region$$Table       anon$$obj.o
    0x080076f4   0x080076f4   0x0000001c   Data   RO         4353    locale$$data        c_w.l(lc_numeric_c.o)


    Execution Region RW_IRAM1 (Exec base: 0x20000000, Load base: 0x08007710, Size: 0x000034e0, Max: 0x00005000, ABSOLUTE)

    Exec Addr    Load Addr    Size         Type   Attr      Idx    E Section Name        Object

    0x20000000   0x08007710   0x0000002a   Data   RW          385    .data               max30102.o
    0x2000002a   0x0800773a   0x00000003   Data   RW          616    .data               main.o
    0x2000002d   0x0800773d   0x00000001   Data   RW          685    .data               gpio.o
    0x2000002e   0x0800773e   0x00000001   Data   RW          830    .data               tim.o
    0x2000002f   0x0800773f   0x00000001   PAD
    0x20000030   0x08007740   0x0000000c   Data   RW         1532    .data               stm32f1xx_hal.o
    0x2000003c   0x0800774c   0x00000004   Data   RW         4146    .data               system_stm32f1xx.o
    0x20000040        -       0x00000480   Zero   RW           32    .bss                oled.o
    0x200004c0        -       0x00001760   Zero   RW          320    .bss                algorithm.o
    0x20001c20        -       0x000010a0   Zero   RW          384    .bss                max30102.o
    0x20002cc0        -       0x000000a8   Zero   RW          738    .bss                i2c.o
    0x20002d68        -       0x00000058   Zero   RW          785    .bss                spi.o
    0x20002dc0        -       0x0000002c   Zero   RW          828    .bss                tim.o
    0x20002dec        -       0x00000048   Zero   RW          829    .bss                tim.o
    0x20002e34        -       0x00000048   Zero   RW          877    .bss                usart.o
    0x20002e7c        -       0x00000060   Zero   RW         4365    .bss                c_w.l(libspace.o)
    0x20002edc   0x08007750   0x00000004   PAD
    0x20002ee0        -       0x00000200   Zero   RW            2    HEAP                startup_stm32f103xb.o
    0x200030e0        -       0x00000400   Zero   RW            1    STACK               startup_stm32f103xb.o


==============================================================================

Image component sizes


      Code (inc. data)   RO Data    RW Data    ZI Data      Debug   Object Name

       356         34          0          0          0       5854   adxl345.o
      1328         20        246          0       5984       7441   algorithm.o
       614         42          0          0          0       5336   ds18b20.o
       272          8          0          0          0       2806   ds3231.o
       368         36          0          1          0       3023   gpio.o
       280         46          0          0        168       2238   i2c.o
      1626        206          0          3          0       5103   main.o
       758         50          0         42       4256       5745   max30102.o
      1134         60       7696          0       1152     448954   oled.o
       188         22          0          0         88       1637   spi.o
        64         26        236          0       1536        804   startup_stm32f103xb.o
       164         28          0         12          0       5845   stm32f1xx_hal.o
       198         14          0          0          0      28911   stm32f1xx_hal_cortex.o
       524         40          0          0          0       4074   stm32f1xx_hal_gpio.o
      2382         56          0          0          0      12934   stm32f1xx_hal_i2c.o
        60          8          0          0          0        862   stm32f1xx_hal_msp.o
      1240         84         18          0          0       5068   stm32f1xx_hal_rcc.o
      1700          4          0          0          0       8002   stm32f1xx_hal_spi.o
       936         24          0          0          0       9749   stm32f1xx_hal_tim.o
       108         12          0          0          0       2373   stm32f1xx_hal_tim_ex.o
       636          6          0          0          0       4600   stm32f1xx_hal_uart.o
        62          6          0          0          0       5143   stm32f1xx_it.o
         2          0         24          4          0       1095   system_stm32f1xx.o
       196         26          0          1        116       2261   tim.o
       168         22          0          0         72       1646   usart.o

    ----------------------------------------------------------------------
     15400        880       8252         64      13372     581504   Object Totals
         0          0         32          0          0          0   (incl. Generated)
        36          0          0          1          0          0   (incl. Padding)

    ----------------------------------------------------------------------

      Code (inc. data)   RO Data    RW Data    ZI Data      Debug   Library Member Name

         8          0          0          0          0         68   __main.o
       312          4         17          0          0         92   __printf_flags_wp.o
        14          0          0          0          0         68   __printf_wp.o
         0          0          0          0          0          0   __rtentry.o
        12          0          0          0          0          0   __rtentry2.o
         6          0          0          0          0          0   __rtentry4.o
        52          8          0          0          0          0   __scatter.o
        26          0          0          0          0          0   __scatter_copy.o
        28          0          0          0          0          0   __scatter_zi.o
        48          6          0          0          0         96   _printf_char_common.o
         6          0          0          0          0          0   _printf_d.o
       120         16          0          0          0         92   _printf_dec.o
         6          0          0          0          0          0   _printf_f.o
      1054          0          0          0          0        216   _printf_fp_dec.o
       128         16          0          0          0         84   _printf_fp_infnan.o
       178          0          0          0          0         88   _printf_intcommon.o
        78          0          0          0          0        108   _printf_pad.o
         0          0          0          0          0          0   _printf_percent.o
         4          0          0          0          0          0   _printf_percent_end.o
        10          0          0          0          0         68   _sputc.o
       228          4        148          0          0         96   bigflt0.o
      1936        128          0          0          0        672   btod.o
        18          0          0          0          0         80   exit.o
         6          0          0          0          0        152   heapauxi.o
         0          0          0          0          0          0   indicate_semi.o
        44         10         28          0          0         76   lc_numeric_c.o
         2          0          0          0          0          0   libinit.o
        18          0          0          0          0          0   libinit2.o
         2          0          0          0          0          0   libshutdown.o
         2          0          0          0          0          0   libshutdown2.o
         8          4          0          0         96         68   libspace.o
       138          0          0          0          0         80   lludiv10.o
        40          6          0          0          0         84   noretval__2sprintf.o
         8          4          0          0          0         68   rt_locale_intlibspace.o
        78          0          0          0          0         80   rt_memclr_w.o
         2          0          0          0          0          0   rtexit.o
        10          0          0          0          0          0   rtexit2.o
       128          0          0          0          0         68   strcmpv7m.o
        12          4          0          0          0         68   sys_exit.o
        74          0          0          0          0         80   sys_stackheap_outer.o
         2          0          0          0          0         68   use_no_semi.o
        98          4          0          0          0         92   d2f.o
        16          4          0          0          0         68   dcheck1.o
        46          0          0          0          0         68   dflt_clz.o
       156          4          0          0          0         92   dnaninf.o
        12          0          0          0          0         68   dretinf.o
        86          4          0          0          0         84   f2d.o
        24          0          0          0          0         68   fcmpi.o
       388         76          0          0          0         96   fdiv.o
        54          4          0          0          0         84   ffix.o
        86          0          0          0          0        136   fflt_clz.o
       104          4          0          0          0         84   fleqf.o
       258          4          0          0          0         84   fmul.o
       140          4          0          0          0         84   fnaninf.o
        10          0          0          0          0         68   fretinf.o
         4          0          0          0          0         68   printf1.o
       100          0          0          0          0         68   retnan.o
        92          0          0          0          0         68   scalbn.o
        48          0          0          0          0         68   trapv.o
         0          0          0          0          0          0   usenofp.o
        40          0          0          0          0         68   fpclassify.o

    ----------------------------------------------------------------------
      6632        318        196          0        100       4236   Library Totals
        24          0          3          0          4          0   (incl. Padding)

    ----------------------------------------------------------------------

      Code (inc. data)   RO Data    RW Data    ZI Data      Debug   Library Name

      4846        210        193          0         96       2720   c_w.l
      1722        108          0          0          0       1448   fz_ws.l
        40          0          0          0          0         68   m_ws.l

    ----------------------------------------------------------------------
      6632        318        196          0        100       4236   Library Totals

    ----------------------------------------------------------------------

==============================================================================


      Code (inc. data)   RO Data    RW Data    ZI Data      Debug   

     22032       1198       8448         64      13472     576376   Grand Totals
     22032       1198       8448         64      13472     576376   ELF Image Totals
     22032       1198       8448         64          0          0   ROM Totals

==============================================================================

    Total RO  Size (Code + RO Data)                30480 (  29.77kB)
    Total RW  Size (RW Data + ZI Data)             13536 (  13.22kB)
    Total ROM Size (Code + RO Data + RW Data)      30544 (  29.83kB)

==============================================================================

