<html>
<body>
<pre>
<h1>µVision Build Log</h1>
<h2>Tool Versions:</h2>
IDE-Version: ¦ÌVision V5.38.0.0
Copyright (C) 2022 ARM Ltd and ARM Germany GmbH. All rights reserved.
License Information: 123 123, 123, LIC=X96CK-Z1IKU-UH78H-WCMNB-46UJD-7EQKS
 
Tool Versions:
Toolchain:       MDK-ARM Plus  Version: 5.38.0.0
Toolchain Path:  D:\programFiles\KEIL5\ARM\ARMCC\Bin
C Compiler:      Armcc.exe V5.06 update 6 (build 750)
Assembler:       Armasm.exe V5.06 update 6 (build 750)
Linker/Locator:  ArmLink.exe V5.06 update 6 (build 750)
Library Manager: ArmAr.exe V5.06 update 6 (build 750)
Hex Converter:   FromElf.exe V5.06 update 6 (build 750)
CPU DLL:         SARMCM3.DLL V5.38.0.0
Dialog DLL:      DCM.DLL V1.17.5.0
Target DLL:      CMSIS_AGDI.dll V1.33.15.0
Dialog DLL:      TCM.DLL V1.56.4.0
 
<h2>Project:</h2>
C:\Users\dell\Desktop\github\shouhuankongzhi\MDK-ARM\shouhuankongzhi.uvprojx
Project File Date:  05/15/2025

<h2>Output:</h2>
*** Using Compiler 'V5.06 update 6 (build 750)', folder: 'D:\programFiles\KEIL5\ARM\ARMCC\Bin'
Build target 'shouhuankongzhi'
compiling main.c...
../BSP/max30102.h(41): warning:  #1-D: last line of file ends without a newline
  #endif
../Core/Src/main.c(87): warning:  #177-D: variable "page_count"  was declared but never referenced
  	static int page_count=0;
../Core/Src/main.c(321): warning:  #186-D: pointless comparison of unsigned integer with zero
              if(ds_time.year<0)
../Core/Src/main.c(342): warning:  #186-D: pointless comparison of unsigned integer with zero
              if(ds_time.hour<0)
../Core/Src/main.c(349): warning:  #186-D: pointless comparison of unsigned integer with zero
              if(ds_time.min<0)
../Core/Src/main.c(356): warning:  #186-D: pointless comparison of unsigned integer with zero
              if(ds_time.min<0)
../Core/Src/main.c(458): warning:  #111-D: statement is unreachable
  					break;
../Core/Src/main.c: 7 warnings, 0 errors
linking...
Program Size: Code=22032 RO-data=8448 RW-data=64 ZI-data=13472  
FromELF: creating hex file...
"shouhuankongzhi\shouhuankongzhi.axf" - 0 Error(s), 7 Warning(s).

<h2>Software Packages used:</h2>

Package Vendor: ARM
                http://www.keil.com/pack/ARM.CMSIS.5.9.0.pack
                ARM.CMSIS.5.9.0
                CMSIS (Common Microcontroller Software Interface Standard)
   * Component: CORE Version: 5.6.0

Package Vendor: Keil
                https://www.keil.com/pack/Keil.STM32F1xx_DFP.2.4.1.pack
                Keil.STM32F1xx_DFP.2.4.1
                STMicroelectronics STM32F1 Series Device Support, Drivers and Examples

<h2>Collection of Component include folders:</h2>
  ./RTE/_shouhuankongzhi
  C:/Users/dell/AppData/Local/Arm/Packs/ARM/CMSIS/5.9.0/CMSIS/Core/Include
  C:/Users/dell/AppData/Local/Arm/Packs/Keil/STM32F1xx_DFP/2.4.1/Device/Include

<h2>Collection of Component Files used:</h2>

   * Component: ARM::CMSIS:CORE:5.6.0
Build Time Elapsed:  00:00:01
</pre>
</body>
</html>
